Component: ARM Compiler 5.06 update 7 (build 960) Tool: armlink [4d3601]

==============================================================================

Section Cross References

    startup_stm32f407xx.o(STACK) refers (Special) to heapauxi.o(.text) for __use_two_region_memory
    startup_stm32f407xx.o(HEAP) refers (Special) to heapauxi.o(.text) for __use_two_region_memory
    startup_stm32f407xx.o(RESET) refers (Special) to heapauxi.o(.text) for __use_two_region_memory
    startup_stm32f407xx.o(RESET) refers to startup_stm32f407xx.o(STACK) for __initial_sp
    startup_stm32f407xx.o(RESET) refers to startup_stm32f407xx.o(.text) for Reset_Handler
    startup_stm32f407xx.o(RESET) refers to stm32f4xx_it.o(i.NMI_Handler) for NMI_Handler
    startup_stm32f407xx.o(RESET) refers to stm32f4xx_it.o(i.HardFault_Handler) for HardFault_Handler
    startup_stm32f407xx.o(RESET) refers to stm32f4xx_it.o(i.MemManage_Handler) for MemManage_Handler
    startup_stm32f407xx.o(RESET) refers to stm32f4xx_it.o(i.BusFault_Handler) for BusFault_Handler
    startup_stm32f407xx.o(RESET) refers to stm32f4xx_it.o(i.UsageFault_Handler) for UsageFault_Handler
    startup_stm32f407xx.o(RESET) refers to port.o(.emb_text) for SVC_Handler
    startup_stm32f407xx.o(RESET) refers to stm32f4xx_it.o(i.DebugMon_Handler) for DebugMon_Handler
    startup_stm32f407xx.o(RESET) refers to port.o(i.SysTick_Handler) for SysTick_Handler
    startup_stm32f407xx.o(RESET) refers to stm32f4xx_it.o(i.EXTI3_IRQHandler) for EXTI3_IRQHandler
    startup_stm32f407xx.o(RESET) refers to stm32f4xx_it.o(i.EXTI4_IRQHandler) for EXTI4_IRQHandler
    startup_stm32f407xx.o(RESET) refers to stm32f4xx_it.o(i.DMA1_Stream1_IRQHandler) for DMA1_Stream1_IRQHandler
    startup_stm32f407xx.o(RESET) refers to stm32f4xx_it.o(i.CAN1_TX_IRQHandler) for CAN1_TX_IRQHandler
    startup_stm32f407xx.o(RESET) refers to stm32f4xx_it.o(i.CAN1_RX0_IRQHandler) for CAN1_RX0_IRQHandler
    startup_stm32f407xx.o(RESET) refers to stm32f4xx_it.o(i.EXTI9_5_IRQHandler) for EXTI9_5_IRQHandler
    startup_stm32f407xx.o(RESET) refers to stm32f4xx_it.o(i.TIM2_IRQHandler) for TIM2_IRQHandler
    startup_stm32f407xx.o(RESET) refers to stm32f4xx_it.o(i.USART1_IRQHandler) for USART1_IRQHandler
    startup_stm32f407xx.o(RESET) refers to stm32f4xx_it.o(i.DMA2_Stream0_IRQHandler) for DMA2_Stream0_IRQHandler
    startup_stm32f407xx.o(RESET) refers to stm32f4xx_it.o(i.DMA2_Stream1_IRQHandler) for DMA2_Stream1_IRQHandler
    startup_stm32f407xx.o(RESET) refers to stm32f4xx_it.o(i.DMA2_Stream2_IRQHandler) for DMA2_Stream2_IRQHandler
    startup_stm32f407xx.o(RESET) refers to stm32f4xx_it.o(i.DMA2_Stream3_IRQHandler) for DMA2_Stream3_IRQHandler
    startup_stm32f407xx.o(RESET) refers to stm32f4xx_it.o(i.CAN2_TX_IRQHandler) for CAN2_TX_IRQHandler
    startup_stm32f407xx.o(RESET) refers to stm32f4xx_it.o(i.CAN2_RX1_IRQHandler) for CAN2_RX1_IRQHandler
    startup_stm32f407xx.o(RESET) refers to stm32f4xx_it.o(i.DMA2_Stream6_IRQHandler) for DMA2_Stream6_IRQHandler
    startup_stm32f407xx.o(RESET) refers to stm32f4xx_it.o(i.DMA2_Stream7_IRQHandler) for DMA2_Stream7_IRQHandler
    startup_stm32f407xx.o(RESET) refers to referee_usart_task.o(i.USART6_IRQHandler) for USART6_IRQHandler
    startup_stm32f407xx.o(.text) refers (Special) to heapauxi.o(.text) for __use_two_region_memory
    startup_stm32f407xx.o(.text) refers to system_stm32f4xx.o(i.SystemInit) for SystemInit
    startup_stm32f407xx.o(.text) refers to __main.o(!!!main) for __main
    startup_stm32f407xx.o(.text) refers to startup_stm32f407xx.o(HEAP) for Heap_Mem
    startup_stm32f407xx.o(.text) refers to startup_stm32f407xx.o(STACK) for Stack_Mem
    main.o(i.HAL_TIM_PeriodElapsedCallback) refers to stm32f4xx_hal.o(i.HAL_IncTick) for HAL_IncTick
    main.o(i.SystemClock_Config) refers to rt_memclr_w.o(.text) for __aeabi_memclr4
    main.o(i.SystemClock_Config) refers to stm32f4xx_hal_rcc.o(i.HAL_RCC_OscConfig) for HAL_RCC_OscConfig
    main.o(i.SystemClock_Config) refers to main.o(i.Error_Handler) for Error_Handler
    main.o(i.SystemClock_Config) refers to stm32f4xx_hal_rcc.o(i.HAL_RCC_ClockConfig) for HAL_RCC_ClockConfig
    main.o(i.main) refers to stm32f4xx_hal.o(i.HAL_Init) for HAL_Init
    main.o(i.main) refers to main.o(i.SystemClock_Config) for SystemClock_Config
    main.o(i.main) refers to gpio.o(i.MX_GPIO_Init) for MX_GPIO_Init
    main.o(i.main) refers to dma.o(i.MX_DMA_Init) for MX_DMA_Init
    main.o(i.main) refers to spi.o(i.MX_SPI1_Init) for MX_SPI1_Init
    main.o(i.main) refers to tim.o(i.MX_TIM10_Init) for MX_TIM10_Init
    main.o(i.main) refers to can.o(i.MX_CAN1_Init) for MX_CAN1_Init
    main.o(i.main) refers to can.o(i.MX_CAN2_Init) for MX_CAN2_Init
    main.o(i.main) refers to usart.o(i.MX_USART3_UART_Init) for MX_USART3_UART_Init
    main.o(i.main) refers to usart.o(i.MX_USART6_UART_Init) for MX_USART6_UART_Init
    main.o(i.main) refers to usart.o(i.MX_USART1_UART_Init) for MX_USART1_UART_Init
[...]
    _ddiv                                    0x0800f281   Thumb Code   748  ddiv_clz.o(x$fpl$ddiv)
    __aeabi_d2iz                             0x0800f5fd   Thumb Code     0  dfix.o(x$fpl$dfix)
    _dfix                                    0x0800f5fd   Thumb Code   192  dfix.o(x$fpl$dfix)
    __aeabi_i2d                              0x0800f6c5   Thumb Code     0  dflt_clz.o(x$fpl$dflt)
    _dflt                                    0x0800f6c5   Thumb Code    46  dflt_clz.o(x$fpl$dflt)
    __dflt_normalise                         0x0800f6f3   Thumb Code    26  dflt_clz.o(x$fpl$dfltn)
    __aeabi_ui2d                             0x0800f70d   Thumb Code     0  dflt_clz.o(x$fpl$dfltu)
    _dfltu                                   0x0800f70d   Thumb Code    38  dflt_clz.o(x$fpl$dfltu)
    __aeabi_dmul                             0x0800f735   Thumb Code     0  dmul_clz.o(x$fpl$dmul)
    _dmul                                    0x0800f735   Thumb Code   440  dmul_clz.o(x$fpl$dmul)
    __fpl_dnaninf                            0x0800f8f5   Thumb Code   258  dnaninf.o(x$fpl$dnaninf)
    __fpl_drenorm2                           0x0800f9f7   Thumb Code   106  drenorm_clz.o(x$fpl$drenorm)
    __fpl_drenorm1                           0x0800fa61   Thumb Code     6  drenorm_clz.o(x$fpl$drenorm)
    __fpl_dretinf                            0x0800fa67   Thumb Code    12  dretinf.o(x$fpl$dretinf)
    __aeabi_drsub                            0x0800fa75   Thumb Code     0  daddsub_clz.o(x$fpl$drsb)
    _drsb                                    0x0800fa75   Thumb Code    74  daddsub_clz.o(x$fpl$drsb)
    __aeabi_dsub                             0x0800fac5   Thumb Code     0  daddsub_clz.o(x$fpl$dsub)
    _dsub                                    0x0800fac5   Thumb Code   664  daddsub_clz.o(x$fpl$dsub)
    __dunder                                 0x0800fd61   Thumb Code   314  dunder_clz.o(x$fpl$dunder)
    __dunder_d                               0x0800fe9b   Thumb Code    64  dunder_clz.o(x$fpl$dunder)
    __fpl_exception                          0x0800fedd   Thumb Code   454  except.o(x$fpl$exception)
    __aeabi_f2d                              0x080100c9   Thumb Code     0  f2d.o(x$fpl$f2d)
    _f2d                                     0x080100c9   Thumb Code   122  f2d.o(x$fpl$f2d)
    __fpl_fnaninf                            0x08010143   Thumb Code   242  fnaninf.o(x$fpl$fnaninf)
    _fp_init                                 0x08010235   Thumb Code    10  fpinit.o(x$fpl$fpinit)
    __fplib_config_fpu_vfp                   0x0801023d   Thumb Code     0  fpinit.o(x$fpl$fpinit)
    __fplib_config_pureend_doubles           0x0801023d   Thumb Code     0  fpinit.o(x$fpl$fpinit)
    __fpl_fretinf                            0x0801023f   Thumb Code    10  fretinf.o(x$fpl$fretinf)
    __funder                                 0x08010249   Thumb Code   254  funder_clz.o(x$fpl$funder)
    __funder_d                               0x08010347   Thumb Code    62  funder_clz.o(x$fpl$funder)
    __fpl_return_NaN                         0x08010385   Thumb Code   178  retnan.o(x$fpl$retnan)
    _fp_trapveneer                           0x08010437   Thumb Code    36  trapv.o(x$fpl$trapveneer)
    __fpl_cmpreturn                          0x0801045b   Thumb Code    90  trapv.o(x$fpl$trapveneer)
    __I$use$fp                               0x080104b4   Number         0  usenofp.o(x$fpl$usenofp)
    AHBPrescTable                            0x080105b8   Data          16  system_stm32f4xx.o(.constdata)
    APBPrescTable                            0x080105c8   Data           8  system_stm32f4xx.o(.constdata)
    IMU_QuaternionEKF_F                      0x080105d0   Data         144  quaternionekf.o(.constdata)
    CRC8_INIT                                0x08010660   Data           1  crc8_crc16.o(.constdata)
    CRC8_table                               0x08010661   Data         256  crc8_crc16.o(.constdata)
    wCRC_table                               0x08010762   Data         512  crc8_crc16.o(.constdata)
    xb                                       0x08010964   Data          12  ins_task.o(.constdata)
    yb                                       0x08010970   Data          12  ins_task.o(.constdata)
    zb                                       0x0801097c   Data          12  ins_task.o(.constdata)
    sinTable_f32                             0x08010994   Data        2052  arm_common_tables.o(.constdata)
    Region$$Table$$Base                      0x08011324   Number         0  anon$$obj.o(Region$$Table)
    Region$$Table$$Limit                     0x08011344   Number         0  anon$$obj.o(Region$$Table)
    gimbalTaskHandle                         0x20000000   Data           4  freertos.o(.data)
    INSTaskHandle                            0x20000004   Data           4  freertos.o(.data)
    chassisTaskHandle                        0x20000008   Data           4  freertos.o(.data)
    current_sendHandle                       0x2000000c   Data           4  freertos.o(.data)
    REFEREETaskHandle                        0x20000010   Data           4  freertos.o(.data)
    tirggertaskHandle                        0x20000014   Data           4  freertos.o(.data)
    detect_taskHandle                        0x20000018   Data           4  freertos.o(.data)
    VOFATaskHandle                           0x2000001c   Data           4  freertos.o(.data)
    myTask09Handle                           0x20000020   Data           4  freertos.o(.data)
    qzz                                      0x20000028   Data           4  stm32f4xx_it.o(.data)
    uii                                      0x2000002c   Data           4  stm32f4xx_it.o(.data)
    yyyu                                     0x20000030   Data           4  stm32f4xx_it.o(.data)
    iiio                                     0x20000034   Data           4  stm32f4xx_it.o(.data)
    uwTick                                   0x2000003c   Data           4  stm32f4xx_hal.o(.data)
    uwTickPrio                               0x20000040   Data           4  stm32f4xx_hal.o(.data)
    uwTickFreq                               0x20000044   Data           1  stm32f4xx_hal.o(.data)
    SystemCoreClock                          0x20000048   Data           4  system_stm32f4xx.o(.data)
    pxCurrentTCB                             0x2000004c   Data           4  tasks.o(.data)
    sizeof_float                             0x200000b4   Data           2  kalman_filter.o(.data)
    sizeof_double                            0x200000b6   Data           2  kalman_filter.o(.data)
    GlobalDebugMode                          0x200000b8   Data           1  user_lib.o(.data)
    IMU_QuaternionEKF_P                      0x200000d0   Data         144  quaternionekf.o(.data)
    BMI088_ACCEL_SEN                         0x20000414   Data           4  bmi088driver.o(.data)
    BMI088_GYRO_SEN                          0x20000418   Data           4  bmi088driver.o(.data)
    gNormDiff                                0x20000420   Data           4  bmi088driver.o(.data)
    caliOffset                               0x20000424   Data           1  bmi088driver.o(.data)
    caliCount                                0x20000426   Data           2  bmi088driver.o(.data)
    BMI088_SPI                               0x2000045c   Data           4  bmi088middleware.o(.data)
    zz                                       0x20000460   Data           4  bsp_can.o(.data)
    HAL_StatusTypeDef_t                      0x20000464   Data           1  bsp_can.o(.data)
    oooo                                     0x20000468   Data           4  bsp_can.o(.data)
    SysTime                                  0x20000470   Data           8  bsp_dwt.o(.data)
    CYCCNT64                                 0x20000490   Data           8  bsp_dwt.o(.data)
    rr                                       0x20000498   Data           4  bsp_dwt.o(.data)
    pm_voltage                               0x200004b8   Data           4  can_receive.o(.data)
    pm_current                               0x200004bc   Data           4  can_receive.o(.data)
    pm_power                                 0x200004c0   Data           4  can_receive.o(.data)
    wwwqq                                    0x200004c4   Data           4  can_receive.o(.data)
    qqxx                                     0x200004c8   Data           4  can_receive.o(.data)
    dx                                       0x200004cc   Data           4  can_receive.o(.data)
    de                                       0x200004d0   Data           4  can_receive.o(.data)
    rx_buff                                  0x200004d4   Data           8  can_receive.o(.data)
    j                                        0x200004dc   Data           4  bsp_transmit.o(.data)
    aaaa                                     0x200004e0   Data           4  bsp_transmit.o(.data)
    CRC16_INIT                               0x200004e4   Data           2  crc8_crc16.o(.data)
    referee_receive_header                   0x200004e8   Data           5  referee.o(.data)
    referee_send_header                      0x200004ed   Data           5  referee.o(.data)
    game_result                              0x200004f2   Data           1  referee.o(.data)
    event_data                               0x200004f3   Data           4  referee.o(.data)
    referee_warning                          0x200004f7   Data           3  referee.o(.data)
    dart_remaining_time                      0x200004fa   Data           3  referee.o(.data)
    buff                                     0x200004fd   Data           8  referee.o(.data)
    hurt_data                                0x20000505   Data           1  referee.o(.data)
    if_refresh                               0x20000506   Data           1  referee.o(.data)
    shoot_data                               0x20000507   Data           7  referee.o(.data)
    projectile_allowance                     0x2000050e   Data           8  referee.o(.data)
    rfid_status                              0x20000516   Data           5  referee.o(.data)
    dart_client_cmd                          0x2000051b   Data           6  referee.o(.data)
    radar_mark_data                          0x20000521   Data           2  referee.o(.data)
    sentry_info                              0x20000523   Data           6  referee.o(.data)
    radar_info                               0x20000529   Data           1  referee.o(.data)
    robot_interaction_data                   0x2000052a   Data           6  referee.o(.data)
    if_update                                0x20000530   Data           1  referee.o(.data)
    custom_client_data                       0x20000531   Data           8  referee.o(.data)
    enemy_resource_field                     0x20000539   Data           8  referee.o(.data)
    enemy_radar_ascii_info                   0x20000541   Data           6  referee.o(.data)
    SHOOT_NUM_1                              0x20000548   Data           2  referee.o(.data)
    SHOOT_NUM_2                              0x2000054a   Data           2  referee.o(.data)
    speed_gun_1                              0x2000054c   Data           4  referee.o(.data)
    speed_gun_2                              0x20000550   Data           4  referee.o(.data)
    asd                                      0x20000554   Data           4  referee.o(.data)
    plplk                                    0x20000558   Data           1  referee.o(.data)
    now_speed                                0x2000055c   Data           4  referee.o(.data)
    last_speed                               0x20000560   Data           4  referee.o(.data)
    pid_buff                                 0x20000568   Data          84  supercap.o(.data)
    limit                                    0x200005bc   Data           2  supercap.o(.data)
    limit_100                                0x200005be   Data           2  supercap.o(.data)
    Power_Buffer                             0x200005c0   Data           2  supercap.o(.data)
    Power_Buffer_100                         0x200005c2   Data           2  supercap.o(.data)
    IF_SupPower_ON_OR_OFF                    0x200005c4   Data           1  supercap.o(.data)
    SupPower_ON_OR_OFF                       0x200005c5   Data           1  supercap.o(.data)
    PowerState_control                       0x200005c8   Data           1  chassis_power.o(.data)
    Power_fit_factor                         0x200005cc   Data          48  chassis_power.o(.data)
    powerlimit                               0x20000600   Data          96  chassis_power.o(.data)
    total_power                              0x20000660   Data           4  chassis_power.o(.data)
    power_sacle_t                            0x20000664   Data           4  chassis_power.o(.data)
    aaa                                      0x20000668   Data           4  chassis_task.o(.data)
    yaw_angle                                0x2000066c   Data           4  chassis_task.o(.data)
    big_yaw_to_chassis_angle                 0x20000670   Data           4  chassis_task.o(.data)
    small_yaw_to_big_yaw_angle               0x20000674   Data           4  chassis_task.o(.data)
    ins_time                                 0x20000678   Data           4  ins_task.o(.data)
    INS_DWT_Count                            0x2000067c   Data           4  ins_task.o(.data)
    ins_debug_mode                           0x20000688   Data           1  ins_task.o(.data)
    RefTemp                                  0x2000068c   Data           4  ins_task.o(.data)
    last_gyro                                0x20000690   Data           4  ins_task.o(.data)
    accel_kalman                             0x20000694   Data           4  ins_task.o(.data)
    angel_accle                              0x20000698   Data           4  ins_task.o(.data)
    gyro_diff                                0x2000069c   Data           4  ins_task.o(.data)
    wwww                                     0x200006a0   Data           4  ins_task.o(.data)
    time                                     0x200006d8   Data           4  send_current_task.o(.data)
    low_pass_yaw_key_num                     0x200006e0   Data           4  big_gimbal_task.o(.data)
    low_pass_pitch_key_num                   0x200006e4   Data           4  big_gimbal_task.o(.data)
    a111                                     0x200006e8   Data           4  big_gimbal_task.o(.data)
    last_dt_over_flag                        0x200006ec   Data           2  big_gimbal_task.o(.data)
    yuuuuu                                   0x200006f0   Data           4  big_gimbal_task.o(.data)
    hcan1                                    0x20000950   Data          40  can.o(.bss)
    hcan2                                    0x20000978   Data          40  can.o(.bss)
    hrtc                                     0x200009a0   Data          32  rtc.o(.bss)
    hspi1                                    0x200009c0   Data          88  spi.o(.bss)
    hdma_spi1_rx                             0x20000a18   Data          96  spi.o(.bss)
    hdma_spi1_tx                             0x20000a78   Data          96  spi.o(.bss)
    htim10                                   0x20000ad8   Data          72  tim.o(.bss)
    huart1                                   0x20000b20   Data          72  usart.o(.bss)
    huart3                                   0x20000b68   Data          72  usart.o(.bss)
    huart6                                   0x20000bb0   Data          72  usart.o(.bss)
    hdma_usart1_rx                           0x20000bf8   Data          96  usart.o(.bss)
    hdma_usart1_tx                           0x20000c58   Data          96  usart.o(.bss)
    hdma_usart3_rx                           0x20000cb8   Data          96  usart.o(.bss)
    hdma_usart6_rx                           0x20000d18   Data          96  usart.o(.bss)
    hdma_usart6_tx                           0x20000d78   Data          96  usart.o(.bss)
    htim2                                    0x20000dd8   Data          72  stm32f4xx_hal_timebase_tim.o(.bss)
    QEKF_INS                                 0x20006f10   Data         480  quaternionekf.o(.bss)
    IMU_QuaternionEKF_K                      0x200070f0   Data          72  quaternionekf.o(.bss)
    IMU_QuaternionEKF_H                      0x20007138   Data          72  quaternionekf.o(.bss)
    gyroDiff                                 0x20007180   Data          12  bmi088driver.o(.bss)
    BMI088                                   0x2000718c   Data          52  bmi088driver.o(.bss)
    big_yaw                                  0x200071c0   Data          36  can_receive.o(.bss)
    SuperCAP                                 0x200071e4   Data          24  can_receive.o(.bss)
    chassis_motor                            0x200071fc   Data         144  can_receive.o(.bss)
    trigger_motor                            0x2000728c   Data          36  can_receive.o(.bss)
    USART_Rx_data                            0x200072b0   Data          32  bsp_transmit.o(.bss)
    USART_TX_data                            0x200072d0   Data          40  bsp_transmit.o(.bss)
    USART_Rx_data_handle                     0x200072f8   Data          30  bsp_transmit.o(.bss)
    USART_Tx_buff                            0x20007316   Data          44  bsp_transmit.o(.bss)
    game_state                               0x20007342   Data          11  referee.o(.bss)
    game_robot_HP                            0x2000734d   Data          16  referee.o(.bss)
    robot_status                             0x2000735d   Data          13  referee.o(.bss)
    power_heat_data                          0x2000736a   Data          14  referee.o(.bss)
    robot_pos                                0x20007378   Data          12  referee.o(.bss)
    ground_robot_position                    0x20007384   Data          40  referee.o(.bss)
    custom_robot_data                        0x200073ac   Data          30  referee.o(.bss)
    map_command                              0x200073ca   Data          12  referee.o(.bss)
    map_robot_data                           0x200073d6   Data          24  referee.o(.bss)
    map_data                                 0x200073ee   Data         105  referee.o(.bss)
    custom_info                              0x20007457   Data          34  referee.o(.bss)
    robot_custom_data                        0x20007479   Data          30  referee.o(.bss)
    robot_custom_data_2                      0x20007497   Data         300  referee.o(.bss)
    robot_custom_data_3                      0x200075c3   Data          30  referee.o(.bss)
    enemy_robot_position                     0x200075e1   Data          24  referee.o(.bss)
    enemy_robot_hp                           0x200075f9   Data          12  referee.o(.bss)
    enemy_robot_ammo                         0x20007605   Data          10  referee.o(.bss)
    enemy_robot_buff_all                     0x2000760f   Data          36  referee.o(.bss)
    buff_test                                0x20007633   Data          40  referee.o(.bss)
    usart6_buf                               0x2000765c   Data        1024  referee_usart_task.o(.bss)
    referee_fifo                             0x20007a5c   Data          24  referee_usart_task.o(.bss)
    referee_fifo_buf                         0x20007a74   Data        1024  referee_usart_task.o(.bss)
    referee_unpack_obj                       0x20007e74   Data         137  referee_usart_task.o(.bss)
    CHASSIS                                  0x20007f00   Data          84  chassis_task.o(.bss)
    speed                                    0x20007f54   Data         240  chassis_task.o(.bss)
    pid_yaw_follow                           0x20008044   Data          60  chassis_task.o(.bss)
    INS                                      0x20008080   Data         128  ins_task.o(.bss)
    IMU_Param                                0x20008100   Data          28  ins_task.o(.bss)
    TempCtrl                                 0x2000811c   Data         170  ins_task.o(.bss)
    test_accle                               0x200081c8   Data          48  ins_task.o(.bss)
    GIMBAL                                   0x200081f8   Data          68  big_gimbal_task.o(.bss)
    Modeling_Parameters_yaw                  0x2000823c   Data          28  big_gimbal_task.o(.bss)
    pitch_lowpass_key                        0x20008258   Data          16  big_gimbal_task.o(.bss)
    yaw_lowpass_key                          0x20008268   Data          16  big_gimbal_task.o(.bss)
    pid_big_yaw_angle                        0x20008278   Data          60  big_gimbal_task.o(.bss)
    pid_big_yaw_speed                        0x200082b4   Data          60  big_gimbal_task.o(.bss)
    pid_big_yaw_angle_fold                   0x200082f0   Data          60  big_gimbal_task.o(.bss)
    pid_big_yaw_speed_fold                   0x2000832c   Data          60  big_gimbal_task.o(.bss)
    pid_big_yaw_angle_dt                     0x20008368   Data          60  big_gimbal_task.o(.bss)
    pid_big_yaw_speed_dt                     0x200083a4   Data          60  big_gimbal_task.o(.bss)
    pid_big_yaw_vision_armor_angle           0x200083e0   Data          60  big_gimbal_task.o(.bss)
    pid_big_yaw_vision_armor_speed           0x2000841c   Data          60  big_gimbal_task.o(.bss)
    pid_big_yaw_vision_buff_angle            0x20008458   Data          60  big_gimbal_task.o(.bss)
    pid_big_yaw_vision_buff_speed            0x20008494   Data          60  big_gimbal_task.o(.bss)
    __libspace_start                         0x200084d0   Data          96  libspace.o(.bss)
    __temporary_stack_top$libspace           0x20008530   Data           0  libspace.o(.bss)



==============================================================================

Memory Map of the image

  Image Entry point : 0x08000189

  Load Region LR_IROM1 (Base: 0x08000000, Size: 0x00011a38, Max: 0x00100000, ABSOLUTE, COMPRESSED[0x00011444])

    Execution Region ER_IROM1 (Exec base: 0x08000000, Load base: 0x08000000, Size: 0x00011344, Max: 0x00100000, ABSOLUTE)

    Exec Addr    Load Addr    Size         Type   Attr      Idx    E Section Name        Object

    0x08000000   0x08000000   0x00000188   Data   RO            3    RESET               startup_stm32f407xx.o
    0x08000188   0x08000188   0x00000008   Code   RO         9366  * !!!main             c_w.l(__main.o)
    0x08000190   0x08000190   0x00000034   Code   RO         9813    !!!scatter          c_w.l(__scatter.o)
    0x080001c4   0x080001c4   0x0000005a   Code   RO         9811    !!dczerorl2         c_w.l(__dczerorl2.o)
    0x0800021e   0x0800021e   0x00000002   PAD
    0x08000220   0x08000220   0x0000001c   Code   RO         9815    !!handler_zi        c_w.l(__scatter_zi.o)
    0x0800023c   0x0800023c   0x00000002   Code   RO         9748    .ARM.Collect$$libinit$$00000000  c_w.l(libinit.o)
    0x0800023e   0x0800023e   0x00000004   Code   RO         9543    .ARM.Collect$$libinit$$00000001  c_w.l(libinit2.o)
    0x08000242   0x08000242   0x00000000   Code   RO         9546    .ARM.Collect$$libinit$$00000004  c_w.l(libinit2.o)
    0x08000242   0x08000242   0x00000008   Code   RO         9547    .ARM.Collect$$libinit$$00000005  c_w.l(libinit2.o)
    0x0800024a   0x0800024a   0x00000000   Code   RO         9549    .ARM.Collect$$libinit$$0000000A  c_w.l(libinit2.o)
    0x0800024a   0x0800024a   0x00000000   Code   RO         9551    .ARM.Collect$$libinit$$0000000C  c_w.l(libinit2.o)
    0x0800024a   0x0800024a   0x00000000   Code   RO         9553    .ARM.Collect$$libinit$$0000000E  c_w.l(libinit2.o)
    0x0800024a   0x0800024a   0x00000000   Code   RO         9556    .ARM.Collect$$libinit$$00000011  c_w.l(libinit2.o)
    0x0800024a   0x0800024a   0x00000000   Code   RO         9558    .ARM.Collect$$libinit$$00000013  c_w.l(libinit2.o)
    0x0800024a   0x0800024a   0x00000000   Code   RO         9560    .ARM.Collect$$libinit$$00000015  c_w.l(libinit2.o)
    0x0800024a   0x0800024a   0x00000000   Code   RO         9562    .ARM.Collect$$libinit$$00000017  c_w.l(libinit2.o)
    0x0800024a   0x0800024a   0x00000000   Code   RO         9564    .ARM.Collect$$libinit$$00000019  c_w.l(libinit2.o)
    0x0800024a   0x0800024a   0x00000000   Code   RO         9566    .ARM.Collect$$libinit$$0000001B  c_w.l(libinit2.o)
    0x0800024a   0x0800024a   0x00000000   Code   RO         9568    .ARM.Collect$$libinit$$0000001D  c_w.l(libinit2.o)
    0x0800024a   0x0800024a   0x00000000   Code   RO         9570    .ARM.Collect$$libinit$$0000001F  c_w.l(libinit2.o)
    0x0800024a   0x0800024a   0x00000000   Code   RO         9572    .ARM.Collect$$libinit$$00000021  c_w.l(libinit2.o)
    0x0800024a   0x0800024a   0x00000000   Code   RO         9574    .ARM.Collect$$libinit$$00000023  c_w.l(libinit2.o)
    0x0800024a   0x0800024a   0x00000000   Code   RO         9576    .ARM.Collect$$libinit$$00000025  c_w.l(libinit2.o)
    0x0800024a   0x0800024a   0x00000000   Code   RO         9580    .ARM.Collect$$libinit$$0000002C  c_w.l(libinit2.o)
    0x0800024a   0x0800024a   0x00000000   Code   RO         9582    .ARM.Collect$$libinit$$0000002E  c_w.l(libinit2.o)
    0x0800024a   0x0800024a   0x00000000   Code   RO         9584    .ARM.Collect$$libinit$$00000030  c_w.l(libinit2.o)
    0x0800024a   0x0800024a   0x00000000   Code   RO         9586    .ARM.Collect$$libinit$$00000032  c_w.l(libinit2.o)
    0x0800024a   0x0800024a   0x00000002   Code   RO         9587    .ARM.Collect$$libinit$$00000033  c_w.l(libinit2.o)
    0x0800024c   0x0800024c   0x00000002   Code   RO         9808    .ARM.Collect$$libshutdown$$00000000  c_w.l(libshutdown.o)
    0x0800024e   0x0800024e   0x00000000   Code   RO         9764    .ARM.Collect$$libshutdown$$00000002  c_w.l(libshutdown2.o)
    0x0800024e   0x0800024e   0x00000000   Code   RO         9766    .ARM.Collect$$libshutdown$$00000004  c_w.l(libshutdown2.o)
    0x0800024e   0x0800024e   0x00000000   Code   RO         9768    .ARM.Collect$$libshutdown$$00000006  c_w.l(libshutdown2.o)
    0x0800024e   0x0800024e   0x00000000   Code   RO         9771    .ARM.Collect$$libshutdown$$00000009  c_w.l(libshutdown2.o)
    0x0800024e   0x0800024e   0x00000000   Code   RO         9774    .ARM.Collect$$libshutdown$$0000000C  c_w.l(libshutdown2.o)
    0x0800024e   0x0800024e   0x00000000   Code   RO         9776    .ARM.Collect$$libshutdown$$0000000E  c_w.l(libshutdown2.o)
    0x0800024e   0x0800024e   0x00000000   Code   RO         9779    .ARM.Collect$$libshutdown$$00000011  c_w.l(libshutdown2.o)
    0x0800024e   0x0800024e   0x00000002   Code   RO         9780    .ARM.Collect$$libshutdown$$00000012  c_w.l(libshutdown2.o)
    0x08000250   0x08000250   0x00000000   Code   RO         9500    .ARM.Collect$$rtentry$$00000000  c_w.l(__rtentry.o)
    0x08000250   0x08000250   0x00000000   Code   RO         9666    .ARM.Collect$$rtentry$$00000002  c_w.l(__rtentry2.o)
    0x08000250   0x08000250   0x00000006   Code   RO         9678    .ARM.Collect$$rtentry$$00000004  c_w.l(__rtentry4.o)
    0x08000256   0x08000256   0x00000000   Code   RO         9668    .ARM.Collect$$rtentry$$00000009  c_w.l(__rtentry2.o)
    0x08000256   0x08000256   0x00000004   Code   RO         9669    .ARM.Collect$$rtentry$$0000000A  c_w.l(__rtentry2.o)
    0x0800025a   0x0800025a   0x00000000   Code   RO         9671    .ARM.Collect$$rtentry$$0000000C  c_w.l(__rtentry2.o)
    0x0800025a   0x0800025a   0x00000008   Code   RO         9672    .ARM.Collect$$rtentry$$0000000D  c_w.l(__rtentry2.o)
    0x08000262   0x08000262   0x00000002   Code   RO         9751    .ARM.Collect$$rtexit$$00000000  c_w.l(rtexit.o)
    0x08000264   0x08000264   0x00000000   Code   RO         9784    .ARM.Collect$$rtexit$$00000002  c_w.l(rtexit2.o)
    0x08000264   0x08000264   0x00000004   Code   RO         9785    .ARM.Collect$$rtexit$$00000003  c_w.l(rtexit2.o)
    0x08000268   0x08000268   0x00000006   Code   RO         9786    .ARM.Collect$$rtexit$$00000004  c_w.l(rtexit2.o)
    0x0800026e   0x0800026e   0x00000002   PAD
    0x08000270   0x08000270   0x000000be   Code   RO         6432    .emb_text           port.o
    0x0800032e   0x0800032e   0x00000002   PAD
    0x08000330   0x08000330   0x00000000   Code   RO         9689    .emb_text           c_w.l(maybetermalloc1.o)
    0x08000330   0x08000330   0x00000040   Code   RO            4    .text               startup_stm32f407xx.o
    0x08000370   0x08000370   0x00000078   Code   RO         8947    .text               arm_cortexM4lf_math.lib(arm_cos_f32.o)
    0x080003e8   0x080003e8   0x00000094   Code   RO         8997    .text               arm_cortexM4lf_math.lib(arm_sin_f32.o)
    0x0800047c   0x0800047c   0x00000108   Code   RO         9021    .text               arm_cortexM4lf_math.lib(arm_mat_add_f32.o)
    0x08000584   0x08000584   0x00000008   Code   RO         9045    .text               arm_cortexM4lf_math.lib(arm_mat_init_f32.o)
    0x0800058c   0x0800058c   0x00000530   Code   RO         9069    .text               arm_cortexM4lf_math.lib(arm_mat_inverse_f32.o)
    0x08000abc   0x08000abc   0x0000013c   Code   RO         9093    .text               arm_cortexM4lf_math.lib(arm_mat_mult_f32.o)
    0x08000bf8   0x08000bf8   0x00000108   Code   RO         9117    .text               arm_cortexM4lf_math.lib(arm_mat_sub_f32.o)
    0x08000d00   0x08000d00   0x00000114   Code   RO         9141    .text               arm_cortexM4lf_math.lib(arm_mat_trans_f32.o)
    0x08000e14   0x08000e14   0x0000005e   Code   RO         9250    .text               c_w.l(h1_alloc.o)
    0x08000e72   0x08000e72   0x0000004e   Code   RO         9252    .text               c_w.l(h1_free.o)
    0x08000ec0   0x08000ec0   0x000000ee   Code   RO         9308    .text               c_w.l(lludivv7m.o)
    0x08000fae   0x08000fae   0x0000008a   Code   RO         9352    .text               c_w.l(rt_memcpy_v6.o)
    0x08001038   0x08001038   0x00000064   Code   RO         9354    .text               c_w.l(rt_memcpy_w.o)
    0x0800109c   0x0800109c   0x00000010   Code   RO         9358    .text               c_w.l(aeabi_memset.o)
    0x080010ac   0x080010ac   0x00000044   Code   RO         9360    .text               c_w.l(rt_memclr.o)
    0x080010f0   0x080010f0   0x0000004e   Code   RO         9362    .text               c_w.l(rt_memclr_w.o)
    0x0800113e   0x0800113e   0x00000006   Code   RO         9364    .text               c_w.l(heapauxi.o)
    0x08001144   0x08001144   0x00000008   Code   RO         9508    .text               c_w.l(rt_heap_descriptor_intlibspace.o)
    0x0800114c   0x0800114c   0x00000004   Code   RO         9510    .text               c_w.l(hguard.o)
    0x08001150   0x08001150   0x0000008a   Code   RO         9512    .text               c_w.l(init_alloc.o)
    0x080011da   0x080011da   0x0000000e   Code   RO         9516    .text               c_w.l(h1_init.o)
    0x080011e8   0x080011e8   0x00000016   Code   RO         9530    .text               c_w.l(_rserrno.o)
    0x080011fe   0x080011fe   0x00000002   PAD
    0x08001200   0x08001200   0x00000008   Code   RO         9662    .text               c_w.l(libspace.o)
    0x08001208   0x08001208   0x00000008   Code   RO         9685    .text               c_w.l(rt_errno_addr_intlibspace.o)
    0x08001210   0x08001210   0x00000034   Code   RO         9691    .text               c_w.l(h1_extend.o)
    0x08001244   0x08001244   0x00000030   Code   RO         9695    .text               c_w.l(_fptrap.o)
    0x08001274   0x08001274   0x0000000e   Code   RO         9699    .text               c_w.l(defsig_rtmem_outer.o)
    0x08001282   0x08001282   0x00000002   Code   RO         9720    .text               c_w.l(use_no_semi.o)
    0x08001284   0x08001284   0x00000000   Code   RO         9722    .text               c_w.l(indicate_semi.o)
    0x08001284   0x08001284   0x0000004a   Code   RO         9723    .text               c_w.l(sys_stackheap_outer.o)
    0x080012ce   0x080012ce   0x00000012   Code   RO         9729    .text               c_w.l(exit.o)
    0x080012e0   0x080012e0   0x0000000a   Code   RO         9731    .text               c_w.l(defsig_exit.o)
    0x080012ea   0x080012ea   0x0000000e   Code   RO         9733    .text               c_w.l(defsig_fpe_outer.o)
    0x080012f8   0x080012f8   0x00000050   Code   RO         9737    .text               c_w.l(defsig_rtmem_inner.o)
    0x08001348   0x08001348   0x0000000c   Code   RO         9749    .text               c_w.l(sys_exit.o)
    0x08001354   0x08001354   0x00000032   Code   RO         9759    .text               c_w.l(defsig_general.o)
    0x08001386   0x08001386   0x00000002   PAD
    0x08001388   0x08001388   0x000000ac   Code   RO         9761    .text               c_w.l(defsig_fpe_inner.o)
    0x08001434   0x08001434   0x0000000e   Code   RO         9781    .text               c_w.l(sys_wrch.o)
    0x08001442   0x08001442   0x00000002   PAD
    0x08001444   0x08001444   0x00000014   Code   RO         7019    i.BMI088_ACCEL_NS_H  bmi088middleware.o
    0x08001458   0x08001458   0x00000014   Code   RO         7020    i.BMI088_ACCEL_NS_L  bmi088middleware.o
    0x0800146c   0x0800146c   0x00000014   Code   RO         7021    i.BMI088_GYRO_NS_H  bmi088middleware.o
    0x08001480   0x08001480   0x00000014   Code   RO         7022    i.BMI088_GYRO_NS_L  bmi088middleware.o
    0x08001494   0x08001494   0x0000027c   Code   RO         6938    i.BMI088_Read       bmi088driver.o
    0x08001710   0x08001710   0x00000098   Code   RO         6939    i.BMI088_init       bmi088driver.o
    0x080017a8   0x080017a8   0x00000026   Code   RO         6940    i.BMI088_read_muli_reg  bmi088driver.o
    0x080017ce   0x080017ce   0x00000018   Code   RO         6941    i.BMI088_read_single_reg  bmi088driver.o
    0x080017e6   0x080017e6   0x00000002   PAD
    0x080017e8   0x080017e8   0x00000024   Code   RO         7023    i.BMI088_read_write_byte  bmi088middleware.o
    0x0800180c   0x0800180c   0x00000014   Code   RO         6942    i.BMI088_write_single_reg  bmi088driver.o
    0x08001820   0x08001820   0x0000015a   Code   RO         8602    i.BodyFrameToEarthFrame  ins_task.o
    0x0800197a   0x0800197a   0x00000004   Code   RO          717    i.BusFault_Handler  stm32f4xx_it.o
    0x0800197e   0x0800197e   0x00000002   PAD
    0x08001980   0x08001980   0x00000010   Code   RO          718    i.CAN1_RX0_IRQHandler  stm32f4xx_it.o
    0x08001990   0x08001990   0x00000010   Code   RO          719    i.CAN1_TX_IRQHandler  stm32f4xx_it.o
    0x080019a0   0x080019a0   0x00000010   Code   RO          720    i.CAN2_RX1_IRQHandler  stm32f4xx_it.o
    0x080019b0   0x080019b0   0x00000010   Code   RO          721    i.CAN2_TX_IRQHandler  stm32f4xx_it.o
    0x080019c0   0x080019c0   0x00000540   Code   RO         6943    i.Calibrate_MPU_Offset  bmi088driver.o
    0x08001f00   0x08001f00   0x0000000c   Code   RO          297    i.DETECT_task       freertos.o
    0x08001f0c   0x08001f0c   0x00000010   Code   RO          722    i.DMA1_Stream1_IRQHandler  stm32f4xx_it.o
    0x08001f1c   0x08001f1c   0x00000010   Code   RO          723    i.DMA2_Stream0_IRQHandler  stm32f4xx_it.o
    0x08001f2c   0x08001f2c   0x00000010   Code   RO          724    i.DMA2_Stream1_IRQHandler  stm32f4xx_it.o
    0x08001f3c   0x08001f3c   0x00000010   Code   RO          725    i.DMA2_Stream2_IRQHandler  stm32f4xx_it.o
    0x08001f4c   0x08001f4c   0x00000010   Code   RO          726    i.DMA2_Stream3_IRQHandler  stm32f4xx_it.o
    0x08001f5c   0x08001f5c   0x00000010   Code   RO          727    i.DMA2_Stream6_IRQHandler  stm32f4xx_it.o
    0x08001f6c   0x08001f6c   0x00000010   Code   RO          728    i.DMA2_Stream7_IRQHandler  stm32f4xx_it.o
    0x08001f7c   0x08001f7c   0x00000034   Code   RO         2659    i.DMA_CalcBaseAndBitshift  stm32f4xx_hal_dma.o
    0x08001fb0   0x08001fb0   0x000000aa   Code   RO         2660    i.DMA_CheckFifoParam  stm32f4xx_hal_dma.o
    0x0800205a   0x0800205a   0x0000002c   Code   RO         2661    i.DMA_SetConfig     stm32f4xx_hal_dma.o
    0x08002086   0x08002086   0x00000002   PAD
    0x08002088   0x08002088   0x00000030   Code   RO         7198    i.DWT_CNT_Update    bsp_dwt.o
    0x080020b8   0x080020b8   0x0000003c   Code   RO         7199    i.DWT_Delay         bsp_dwt.o
    0x080020f4   0x080020f4   0x0000004c   Code   RO         7200    i.DWT_GetDeltaT     bsp_dwt.o
    0x08002140   0x08002140   0x00000054   Code   RO         7203    i.DWT_GetTimeline_s  bsp_dwt.o
    0x08002194   0x08002194   0x00000074   Code   RO         7205    i.DWT_Init          bsp_dwt.o
    0x08002208   0x08002208   0x000000d0   Code   RO         7206    i.DWT_SysTimeUpdate  bsp_dwt.o
    0x080022d8   0x080022d8   0x00000002   Code   RO          729    i.DebugMon_Handler  stm32f4xx_it.o
    0x080022da   0x080022da   0x0000000a   Code   RO          730    i.EXTI3_IRQHandler  stm32f4xx_it.o
    0x080022e4   0x080022e4   0x0000000a   Code   RO          731    i.EXTI4_IRQHandler  stm32f4xx_it.o
    0x080022ee   0x080022ee   0x0000000a   Code   RO          732    i.EXTI9_5_IRQHandler  stm32f4xx_it.o
    0x080022f8   0x080022f8   0x0000015a   Code   RO         8603    i.EarthFrameToBodyFrame  ins_task.o
    0x08002452   0x08002452   0x00000006   Code   RO           13    i.Error_Handler     main.o
    0x08002458   0x08002458   0x00000084   Code   RO         8605    i.Get_Angle_accel   ins_task.o
    0x080024dc   0x080024dc   0x0000002a   Code   RO         1922    i.HAL_CAN_ActivateNotification  stm32f4xx_hal_can.o
    0x08002506   0x08002506   0x0000014a   Code   RO         1923    i.HAL_CAN_AddTxMessage  stm32f4xx_hal_can.o
    0x08002650   0x08002650   0x00000120   Code   RO         1924    i.HAL_CAN_ConfigFilter  stm32f4xx_hal_can.o
    0x08002770   0x08002770   0x00000002   Code   RO         1927    i.HAL_CAN_ErrorCallback  stm32f4xx_hal_can.o
    0x08002772   0x08002772   0x00000194   Code   RO         1930    i.HAL_CAN_GetRxMessage  stm32f4xx_hal_can.o
    0x08002906   0x08002906   0x0000024e   Code   RO         1934    i.HAL_CAN_IRQHandler  stm32f4xx_hal_can.o
    0x08002b54   0x08002b54   0x00000174   Code   RO         1935    i.HAL_CAN_Init      stm32f4xx_hal_can.o
    0x08002cc8   0x08002cc8   0x00000180   Code   RO          409    i.HAL_CAN_MspInit   can.o
    0x08002e48   0x08002e48   0x00000002   Code   RO         1942    i.HAL_CAN_RxFifo0FullCallback  stm32f4xx_hal_can.o
    0x08002e4a   0x08002e4a   0x00000002   PAD
    0x08002e4c   0x08002e4c   0x000001e8   Code   RO         7302    i.HAL_CAN_RxFifo0MsgPendingCallback  can_receive.o
    0x08003034   0x08003034   0x00000002   Code   RO         1944    i.HAL_CAN_RxFifo1FullCallback  stm32f4xx_hal_can.o
    0x08003036   0x08003036   0x00000002   PAD
    0x08003038   0x08003038   0x0000004c   Code   RO         7303    i.HAL_CAN_RxFifo1MsgPendingCallback  can_receive.o
    0x08003084   0x08003084   0x00000002   Code   RO         1946    i.HAL_CAN_SleepCallback  stm32f4xx_hal_can.o
    0x08003086   0x08003086   0x0000005e   Code   RO         1947    i.HAL_CAN_Start     stm32f4xx_hal_can.o
    0x080030e4   0x080030e4   0x00000002   Code   RO         1949    i.HAL_CAN_TxMailbox0AbortCallback  stm32f4xx_hal_can.o
    0x080030e6   0x080030e6   0x00000002   Code   RO         1950    i.HAL_CAN_TxMailbox0CompleteCallback  stm32f4xx_hal_can.o
    0x080030e8   0x080030e8   0x00000002   Code   RO         1951    i.HAL_CAN_TxMailbox1AbortCallback  stm32f4xx_hal_can.o
    0x080030ea   0x080030ea   0x00000002   Code   RO         1952    i.HAL_CAN_TxMailbox1CompleteCallback  stm32f4xx_hal_can.o
    0x080030ec   0x080030ec   0x00000002   Code   RO         1953    i.HAL_CAN_TxMailbox2AbortCallback  stm32f4xx_hal_can.o
    0x080030ee   0x080030ee   0x00000002   Code   RO         1954    i.HAL_CAN_TxMailbox2CompleteCallback  stm32f4xx_hal_can.o
    0x080030f0   0x080030f0   0x00000002   Code   RO         1956    i.HAL_CAN_WakeUpFromRxMsgCallback  stm32f4xx_hal_can.o
    0x080030f2   0x080030f2   0x000000ac   Code   RO         2662    i.HAL_DMA_Abort     stm32f4xx_hal_dma.o
    0x0800319e   0x0800319e   0x00000028   Code   RO         2663    i.HAL_DMA_Abort_IT  stm32f4xx_hal_dma.o
    0x080031c6   0x080031c6   0x00000006   Code   RO         2665    i.HAL_DMA_GetError  stm32f4xx_hal_dma.o
    0x080031cc   0x080031cc   0x00000240   Code   RO         2667    i.HAL_DMA_IRQHandler  stm32f4xx_hal_dma.o
    0x0800340c   0x0800340c   0x000000ec   Code   RO         2668    i.HAL_DMA_Init      stm32f4xx_hal_dma.o
    0x080034f8   0x080034f8   0x00000092   Code   RO         2672    i.HAL_DMA_Start_IT  stm32f4xx_hal_dma.o
    0x0800358a   0x0800358a   0x00000002   PAD
    0x0800358c   0x0800358c   0x00000028   Code   RO         3104    i.HAL_Delay         stm32f4xx_hal.o
    0x080035b4   0x080035b4   0x00000002   Code   RO         2553    i.HAL_GPIO_EXTI_Callback  stm32f4xx_hal_gpio.o
    0x080035b6   0x080035b6   0x00000002   PAD
    0x080035b8   0x080035b8   0x0000001c   Code   RO         2554    i.HAL_GPIO_EXTI_IRQHandler  stm32f4xx_hal_gpio.o
    0x080035d4   0x080035d4   0x000001f4   Code   RO         2555    i.HAL_GPIO_Init     stm32f4xx_hal_gpio.o
    0x080037c8   0x080037c8   0x0000000c   Code   RO         2559    i.HAL_GPIO_WritePin  stm32f4xx_hal_gpio.o
    0x080037d4   0x080037d4   0x0000000c   Code   RO         3110    i.HAL_GetTick       stm32f4xx_hal.o
    0x080037e0   0x080037e0   0x00000018   Code   RO         3116    i.HAL_IncTick       stm32f4xx_hal.o
    0x080037f8   0x080037f8   0x0000003c   Code   RO         3117    i.HAL_Init          stm32f4xx_hal.o
    0x08003834   0x08003834   0x000000b4   Code   RO          898    i.HAL_InitTick      stm32f4xx_hal_timebase_tim.o
    0x080038e8   0x080038e8   0x00000054   Code   RO          874    i.HAL_MspInit       stm32f4xx_hal_msp.o
    0x0800393c   0x0800393c   0x00000028   Code   RO         2947    i.HAL_NVIC_EnableIRQ  stm32f4xx_hal_cortex.o
    0x08003964   0x08003964   0x0000007c   Code   RO         2953    i.HAL_NVIC_SetPriority  stm32f4xx_hal_cortex.o
    0x080039e0   0x080039e0   0x00000028   Code   RO         2954    i.HAL_NVIC_SetPriorityGrouping  stm32f4xx_hal_cortex.o
    0x08003a08   0x08003a08   0x000001a0   Code   RO         2261    i.HAL_RCCEx_PeriphCLKConfig  stm32f4xx_hal_rcc_ex.o
    0x08003ba8   0x08003ba8   0x00000184   Code   RO         2156    i.HAL_RCC_ClockConfig  stm32f4xx_hal_rcc.o
    0x08003d2c   0x08003d2c   0x00000044   Code   RO         2160    i.HAL_RCC_GetClockConfig  stm32f4xx_hal_rcc.o
    0x08003d70   0x08003d70   0x0000000c   Code   RO         2161    i.HAL_RCC_GetHCLKFreq  stm32f4xx_hal_rcc.o
    0x08003d7c   0x08003d7c   0x00000020   Code   RO         2163    i.HAL_RCC_GetPCLK1Freq  stm32f4xx_hal_rcc.o
    0x08003d9c   0x08003d9c   0x00000020   Code   RO         2164    i.HAL_RCC_GetPCLK2Freq  stm32f4xx_hal_rcc.o
    0x08003dbc   0x08003dbc   0x000000b0   Code   RO         2165    i.HAL_RCC_GetSysClockFreq  stm32f4xx_hal_rcc.o
    0x08003e6c   0x08003e6c   0x0000049c   Code   RO         2168    i.HAL_RCC_OscConfig  stm32f4xx_hal_rcc.o
    0x08004308   0x08004308   0x000000b4   Code   RO         3368    i.HAL_RTC_Init      stm32f4xx_hal_rtc.o
    0x080043bc   0x080043bc   0x00000040   Code   RO          482    i.HAL_RTC_MspInit   rtc.o
    0x080043fc   0x080043fc   0x00000038   Code   RO         3376    i.HAL_RTC_WaitForSynchro  stm32f4xx_hal_rtc.o
    0x08004434   0x08004434   0x000000c8   Code   RO         3768    i.HAL_SPI_Init      stm32f4xx_hal_spi.o
    0x080044fc   0x080044fc   0x00000158   Code   RO          524    i.HAL_SPI_MspInit   spi.o
    0x08004654   0x08004654   0x00000248   Code   RO         3777    i.HAL_SPI_TransmitReceive  stm32f4xx_hal_spi.o
    0x0800489c   0x0800489c   0x00000002   Code   RO         1654    i.HAL_TIMEx_BreakCallback  stm32f4xx_hal_tim_ex.o
    0x0800489e   0x0800489e   0x00000002   Code   RO         1655    i.HAL_TIMEx_CommutCallback  stm32f4xx_hal_tim_ex.o
    0x080048a0   0x080048a0   0x00000066   Code   RO          939    i.HAL_TIM_Base_Init  stm32f4xx_hal_tim.o
    0x08004906   0x08004906   0x00000002   PAD
    0x08004908   0x08004908   0x00000034   Code   RO          566    i.HAL_TIM_Base_MspInit  tim.o
    0x0800493c   0x0800493c   0x000000a8   Code   RO          944    i.HAL_TIM_Base_Start_IT  stm32f4xx_hal_tim.o
    0x080049e4   0x080049e4   0x00000002   Code   RO          973    i.HAL_TIM_IC_CaptureCallback  stm32f4xx_hal_tim.o
    0x080049e6   0x080049e6   0x0000016c   Code   RO          987    i.HAL_TIM_IRQHandler  stm32f4xx_hal_tim.o
    0x08004b52   0x08004b52   0x00000002   PAD
    0x08004b54   0x08004b54   0x00000064   Code   RO          567    i.HAL_TIM_MspPostInit  tim.o
    0x08004bb8   0x08004bb8   0x00000002   Code   RO          990    i.HAL_TIM_OC_DelayElapsedCallback  stm32f4xx_hal_tim.o
    0x08004bba   0x08004bba   0x00000104   Code   RO         1011    i.HAL_TIM_PWM_ConfigChannel  stm32f4xx_hal_tim.o
    0x08004cbe   0x08004cbe   0x00000066   Code   RO         1014    i.HAL_TIM_PWM_Init  stm32f4xx_hal_tim.o
    0x08004d24   0x08004d24   0x00000002   Code   RO         1016    i.HAL_TIM_PWM_MspInit  stm32f4xx_hal_tim.o
    0x08004d26   0x08004d26   0x00000002   Code   RO         1017    i.HAL_TIM_PWM_PulseFinishedCallback  stm32f4xx_hal_tim.o
    0x08004d28   0x08004d28   0x0000010c   Code   RO         1019    i.HAL_TIM_PWM_Start  stm32f4xx_hal_tim.o
    0x08004e34   0x08004e34   0x00000012   Code   RO           14    i.HAL_TIM_PeriodElapsedCallback  main.o
    0x08004e46   0x08004e46   0x00000002   Code   RO         1030    i.HAL_TIM_TriggerCallback  stm32f4xx_hal_tim.o
    0x08004e48   0x08004e48   0x00000002   Code   RO         4091    i.HAL_UARTEx_RxEventCallback  stm32f4xx_hal_uart.o
    0x08004e4a   0x08004e4a   0x000000c4   Code   RO         4094    i.HAL_UART_AbortReceive  stm32f4xx_hal_uart.o
    0x08004f0e   0x08004f0e   0x00000002   Code   RO         4105    i.HAL_UART_ErrorCallback  stm32f4xx_hal_uart.o
    0x08004f10   0x08004f10   0x00000308   Code   RO         4108    i.HAL_UART_IRQHandler  stm32f4xx_hal_uart.o
    0x08005218   0x08005218   0x00000076   Code   RO         4109    i.HAL_UART_Init     stm32f4xx_hal_uart.o
    0x0800528e   0x0800528e   0x00000002   PAD
    0x08005290   0x08005290   0x0000033c   Code   RO          614    i.HAL_UART_MspInit  usart.o
    0x080055cc   0x080055cc   0x0000002c   Code   RO         4113    i.HAL_UART_Receive_DMA  stm32f4xx_hal_uart.o
    0x080055f8   0x080055f8   0x00000002   Code   RO         4115    i.HAL_UART_RxCpltCallback  stm32f4xx_hal_uart.o
    0x080055fa   0x080055fa   0x00000002   Code   RO         4116    i.HAL_UART_RxHalfCpltCallback  stm32f4xx_hal_uart.o
    0x080055fc   0x080055fc   0x0000009c   Code   RO         4118    i.HAL_UART_Transmit_DMA  stm32f4xx_hal_uart.o
    0x08005698   0x08005698   0x00000002   Code   RO         4120    i.HAL_UART_TxCpltCallback  stm32f4xx_hal_uart.o
    0x0800569a   0x0800569a   0x00000002   Code   RO         4121    i.HAL_UART_TxHalfCpltCallback  stm32f4xx_hal_uart.o
    0x0800569c   0x0800569c   0x00000130   Code   RO         6512    i.H_K_R_Adjustment  kalman_filter.o
    0x080057cc   0x080057cc   0x00000004   Code   RO          733    i.HardFault_Handler  stm32f4xx_it.o
    0x080057d0   0x080057d0   0x000000b8   Code   RO         7557    i.Head1_data_Handle  bsp_transmit.o
    0x08005888   0x08005888   0x00000374   Code   RO         8606    i.IMU_Param_Correction  ins_task.o
    0x08005bfc   0x08005bfc   0x00000238   Code   RO         6734    i.IMU_QuaternionEKF_F_Linearization_P_Fading  quaternionekf.o
    0x08005e34   0x08005e34   0x00000130   Code   RO         6735    i.IMU_QuaternionEKF_Init  quaternionekf.o
    0x08005f64   0x08005f64   0x00000034   Code   RO         6736    i.IMU_QuaternionEKF_Observe  quaternionekf.o
    0x08005f98   0x08005f98   0x00000128   Code   RO         6737    i.IMU_QuaternionEKF_SetH  quaternionekf.o
    0x080060c0   0x080060c0   0x00000634   Code   RO         6738    i.IMU_QuaternionEKF_Update  quaternionekf.o
    0x080066f4   0x080066f4   0x00000508   Code   RO         6739    i.IMU_QuaternionEKF_xhatUpdate  quaternionekf.o
    0x08006bfc   0x08006bfc   0x00000074   Code   RO         8607    i.IMU_Temperature_Ctrl  ins_task.o
    0x08006c70   0x08006c70   0x000000d8   Code   RO         8608    i.INS_Init          ins_task.o
    0x08006d48   0x08006d48   0x00000294   Code   RO         8609    i.INS_Task          ins_task.o
    0x08006fdc   0x08006fdc   0x00000040   Code   RO         7456    i.KalmanCreate      kalman.o
    0x0800701c   0x0800701c   0x00000086   Code   RO         7457    i.KalmanFilter      kalman.o
    0x080070a2   0x080070a2   0x00000002   PAD
    0x080070a4   0x080070a4   0x0000070c   Code   RO         6513    i.Kalman_Filter_Init  kalman_filter.o
    0x080077b0   0x080077b0   0x00000050   Code   RO         6514    i.Kalman_Filter_Measure  kalman_filter.o
    0x08007800   0x08007800   0x00000068   Code   RO         6515    i.Kalman_Filter_P_Update  kalman_filter.o
    0x08007868   0x08007868   0x00000068   Code   RO         6516    i.Kalman_Filter_PminusUpdate  kalman_filter.o
    0x080078d0   0x080078d0   0x000000d2   Code   RO         6517    i.Kalman_Filter_SetK  kalman_filter.o
    0x080079a2   0x080079a2   0x00000002   PAD
    0x080079a4   0x080079a4   0x00000128   Code   RO         6518    i.Kalman_Filter_Update  kalman_filter.o
    0x08007acc   0x08007acc   0x0000007c   Code   RO         6519    i.Kalman_Filter_xhatMinusUpdate  kalman_filter.o
    0x08007b48   0x08007b48   0x00000086   Code   RO         6520    i.Kalman_Filter_xhatUpdate  kalman_filter.o
    0x08007bce   0x08007bce   0x00000002   PAD
    0x08007bd0   0x08007bd0   0x00000044   Code   RO          410    i.MX_CAN1_Init      can.o
    0x08007c14   0x08007c14   0x00000044   Code   RO          411    i.MX_CAN2_Init      can.o
    0x08007c58   0x08007c58   0x000000b8   Code   RO          457    i.MX_DMA_Init       dma.o
    0x08007d10   0x08007d10   0x00000108   Code   RO          298    i.MX_FREERTOS_Init  freertos.o
    0x08007e18   0x08007e18   0x00000264   Code   RO          273    i.MX_GPIO_Init      gpio.o
    0x0800807c   0x0800807c   0x00000034   Code   RO          483    i.MX_RTC_Init       rtc.o
    0x080080b0   0x080080b0   0x00000048   Code   RO          525    i.MX_SPI1_Init      spi.o
    0x080080f8   0x080080f8   0x0000006c   Code   RO          568    i.MX_TIM10_Init     tim.o
    0x08008164   0x08008164   0x00000058   Code   RO          615    i.MX_USART1_UART_Init  usart.o
    0x080081bc   0x080081bc   0x0000003c   Code   RO          616    i.MX_USART3_UART_Init  usart.o
    0x080081f8   0x080081f8   0x00000038   Code   RO          617    i.MX_USART6_UART_Init  usart.o
    0x08008230   0x08008230   0x00000004   Code   RO          734    i.MemManage_Handler  stm32f4xx_it.o
    0x08008234   0x08008234   0x00000004   Code   RO          735    i.NMI_Handler       stm32f4xx_it.o
    0x08008238   0x08008238   0x0000024c   Code   RO         6594    i.OLS_Derivative    user_lib.o
    0x08008484   0x08008484   0x00000058   Code   RO         6595    i.OLS_Init          user_lib.o
    0x080084dc   0x080084dc   0x000002d0   Code   RO         6808    i.PID_Calculate     controller.o
    0x080087ac   0x080087ac   0x000000bc   Code   RO         6809    i.PID_Init          controller.o
    0x08008868   0x08008868   0x000001c0   Code   RO         7512    i.PID_calc          pid.o
    0x08008a28   0x08008a28   0x000001f0   Code   RO         8183    i.PID_cap_calc      supercap.o
    0x08008c18   0x08008c18   0x00000044   Code   RO         7513    i.PID_init          pid.o
    0x08008c5c   0x08008c5c   0x00000094   Code   RO         8243    i.PowerState_up     chassis_power.o
    0x08008cf0   0x08008cf0   0x00000034   Code   RO         8136    i.REFEREE_Task      referee_usart_task.o
    0x08008d24   0x08008d24   0x0000004a   Code   RO         3379    i.RTC_EnterInitMode  stm32f4xx_hal_rtc.o
    0x08008d6e   0x08008d6e   0x0000002e   Code   RO         3380    i.RTC_ExitInitMode  stm32f4xx_hal_rtc.o
    0x08008d9c   0x08008d9c   0x00000088   Code   RO         3806    i.SPI_EndRxTxTransaction  stm32f4xx_hal_spi.o
    0x08008e24   0x08008e24   0x000000d8   Code   RO         3811    i.SPI_WaitFlagStateUntilTimeout  stm32f4xx_hal_spi.o
    0x08008efc   0x08008efc   0x000000d0   Code   RO         8184    i.Send_SupPower     supercap.o
    0x08008fcc   0x08008fcc   0x00000012   Code   RO          300    i.StartINSTask      freertos.o
    0x08008fde   0x08008fde   0x0000000a   Code   RO         8406    i.StartVOFATask     vofa.o
    0x08008fe8   0x08008fe8   0x00000010   Code   RO         8185    i.SupPower_Mode_Change  supercap.o
    0x08008ff8   0x08008ff8   0x00000034   Code   RO         6433    i.SysTick_Handler   port.o
    0x0800902c   0x0800902c   0x000000b4   Code   RO           15    i.SystemClock_Config  main.o
    0x080090e0   0x080090e0   0x00000014   Code   RO         5049    i.SystemInit        system_stm32f4xx.o
    0x080090f4   0x080090f4   0x00000010   Code   RO          736    i.TIM2_IRQHandler   stm32f4xx_it.o
    0x08009104   0x08009104   0x000000e0   Code   RO         1032    i.TIM_Base_SetConfig  stm32f4xx_hal_tim.o
    0x080091e4   0x080091e4   0x00000022   Code   RO         1033    i.TIM_CCxChannelCmd  stm32f4xx_hal_tim.o
    0x08009206   0x08009206   0x00000002   PAD
    0x08009208   0x08009208   0x00000070   Code   RO         1045    i.TIM_OC1_SetConfig  stm32f4xx_hal_tim.o
    0x08009278   0x08009278   0x0000007c   Code   RO         1046    i.TIM_OC2_SetConfig  stm32f4xx_hal_tim.o
    0x080092f4   0x080092f4   0x00000078   Code   RO         1047    i.TIM_OC3_SetConfig  stm32f4xx_hal_tim.o
    0x0800936c   0x0800936c   0x00000054   Code   RO         1048    i.TIM_OC4_SetConfig  stm32f4xx_hal_tim.o
    0x080093c0   0x080093c0   0x0000003a   Code   RO         7275    i.TIM_Set_PWM       bsp_pwm.o
    0x080093fa   0x080093fa   0x00000002   PAD
    0x080093fc   0x080093fc   0x00000034   Code   RO         7558    i.Transmit_Data_Task  bsp_transmit.o
    0x08009430   0x08009430   0x00000012   Code   RO         4122    i.UART_DMAAbortOnError  stm32f4xx_hal_uart.o
    0x08009442   0x08009442   0x00000050   Code   RO         4123    i.UART_DMAError     stm32f4xx_hal_uart.o
    0x08009492   0x08009492   0x000000b4   Code   RO         4124    i.UART_DMAReceiveCplt  stm32f4xx_hal_uart.o
    0x08009546   0x08009546   0x00000024   Code   RO         4126    i.UART_DMARxHalfCplt  stm32f4xx_hal_uart.o
    0x0800956a   0x0800956a   0x00000058   Code   RO         4128    i.UART_DMATransmitCplt  stm32f4xx_hal_uart.o
    0x080095c2   0x080095c2   0x0000000e   Code   RO         4130    i.UART_DMATxHalfCplt  stm32f4xx_hal_uart.o
    0x080095d0   0x080095d0   0x0000006c   Code   RO         4132    i.UART_EndRxTransfer  stm32f4xx_hal_uart.o
    0x0800963c   0x0800963c   0x00000020   Code   RO         4133    i.UART_EndTransmit_IT  stm32f4xx_hal_uart.o
    0x0800965c   0x0800965c   0x00000026   Code   RO         4134    i.UART_EndTxTransfer  stm32f4xx_hal_uart.o
    0x08009682   0x08009682   0x000000fc   Code   RO         4135    i.UART_Receive_IT   stm32f4xx_hal_uart.o
    0x0800977e   0x0800977e   0x00000002   PAD
    0x08009780   0x08009780   0x0000022c   Code   RO         4136    i.UART_SetConfig    stm32f4xx_hal_uart.o
    0x080099ac   0x080099ac   0x000000d8   Code   RO         4137    i.UART_Start_Receive_DMA  stm32f4xx_hal_uart.o
    0x08009a84   0x08009a84   0x00000060   Code   RO         4139    i.UART_Transmit_IT  stm32f4xx_hal_uart.o
    0x08009ae4   0x08009ae4   0x000000b4   Code   RO          737    i.USART1_IRQHandler  stm32f4xx_it.o
    0x08009b98   0x08009b98   0x00000124   Code   RO         8137    i.USART6_IRQHandler  referee_usart_task.o
    0x08009cbc   0x08009cbc   0x0000007c   Code   RO         7559    i.USART_Data_Handle  bsp_transmit.o
    0x08009d38   0x08009d38   0x0000006c   Code   RO         7560    i.USART_Data_Send   bsp_transmit.o
    0x08009da4   0x08009da4   0x0000004c   Code   RO         7561    i.USART_Data_init   bsp_transmit.o
    0x08009df0   0x08009df0   0x00000004   Code   RO          738    i.UsageFault_Handler  stm32f4xx_it.o
    0x08009df4   0x08009df4   0x00000030   Code   RO         9718    i.__ARM_fpclassify  m_wm.l(fpclassify.o)
    0x08009e24   0x08009e24   0x00000026   Code   RO         9630    i.__ARM_fpclassifyf  m_wm.l(fpclassifyf.o)
    0x08009e4a   0x08009e4a   0x00000002   PAD
    0x08009e4c   0x08009e4c   0x00000010   Code   RO         2960    i.__NVIC_GetPriorityGrouping  stm32f4xx_hal_cortex.o
    0x08009e5c   0x08009e5c   0x00000028   Code   RO         2961    i.__NVIC_SetPriority  stm32f4xx_hal_cortex.o
    0x08009e84   0x08009e84   0x00000006   Code   RO         7857    i.__get_PRIMASK     fifo.o
    0x08009e8a   0x08009e8a   0x00000002   PAD
    0x08009e8c   0x08009e8c   0x00000118   Code   RO         9394    i.__hardfp_acosf    m_wm.l(acosf.o)
    0x08009fa4   0x08009fa4   0x0000012c   Code   RO         9406    i.__hardfp_asinf    m_wm.l(asinf.o)
    0x0800a0d0   0x0800a0d0   0x000002ac   Code   RO         9418    i.__hardfp_atan2f   m_wm.l(atan2f.o)
    0x0800a37c   0x0800a37c   0x00000004   PAD
    0x0800a380   0x0800a380   0x000000c8   Code   RO         9430    i.__hardfp_cos      m_wm.l(cos.o)
    0x0800a448   0x0800a448   0x000000c8   Code   RO         9462    i.__hardfp_sin      m_wm.l(sin.o)
    0x0800a510   0x0800a510   0x0000003a   Code   RO         9480    i.__hardfp_sqrtf    m_wm.l(sqrtf_full.o)
    0x0800a54a   0x0800a54a   0x00000006   PAD
    0x0800a550   0x0800a550   0x00000438   Code   RO         9649    i.__ieee754_rem_pio2  m_wm.l(rred.o)
    0x0800a988   0x0800a988   0x00000170   Code   RO         9613    i.__kernel_cos      m_wm.l(cos_i.o)
    0x0800aaf8   0x0800aaf8   0x000000f8   Code   RO         9646    i.__kernel_poly     m_wm.l(poly.o)
    0x0800abf0   0x0800abf0   0x00000130   Code   RO         9654    i.__kernel_sin      m_wm.l(sin_i.o)
    0x0800ad20   0x0800ad20   0x00000014   Code   RO         9617    i.__mathlib_dbl_infnan  m_wm.l(dunder.o)
    0x0800ad34   0x0800ad34   0x00000004   PAD
    0x0800ad38   0x0800ad38   0x00000020   Code   RO         9619    i.__mathlib_dbl_invalid  m_wm.l(dunder.o)
    0x0800ad58   0x0800ad58   0x00000020   Code   RO         9622    i.__mathlib_dbl_underflow  m_wm.l(dunder.o)
    0x0800ad78   0x0800ad78   0x00000006   Code   RO         9633    i.__mathlib_flt_infnan  m_wm.l(funder.o)
    0x0800ad7e   0x0800ad7e   0x00000006   Code   RO         9634    i.__mathlib_flt_infnan2  m_wm.l(funder.o)
    0x0800ad84   0x0800ad84   0x00000010   Code   RO         9635    i.__mathlib_flt_invalid  m_wm.l(funder.o)
    0x0800ad94   0x0800ad94   0x00000010   Code   RO         9638    i.__mathlib_flt_underflow  m_wm.l(funder.o)
    0x0800ada4   0x0800ada4   0x00000006   Code   RO         7858    i.__set_PRIMASK     fifo.o
    0x0800adaa   0x0800adaa   0x00000002   PAD
    0x0800adac   0x0800adac   0x0000016c   Code   RO         6944    i.bmi088_accel_init  bmi088driver.o
    0x0800af18   0x0800af18   0x00000130   Code   RO         6945    i.bmi088_gyro_init  bmi088driver.o
    0x0800b048   0x0800b048   0x00000310   Code   RO         8244    i.cal_powerSet      chassis_power.o
    0x0800b358   0x0800b358   0x00000040   Code   RO         7113    i.can1_user_init    bsp_can.o
    0x0800b398   0x0800b398   0x00000044   Code   RO         7114    i.can2_user_init    bsp_can.o
    0x0800b3dc   0x0800b3dc   0x00000198   Code   RO         8505    i.chassis_assignment  chassis_task.o
    0x0800b574   0x0800b574   0x00000058   Code   RO         8710    i.chassis_ctrl_current  send_current_task.o
    0x0800b5cc   0x0800b5cc   0x000000cc   Code   RO         8506    i.chassis_current_calc  chassis_task.o
    0x0800b698   0x0800b698   0x00000178   Code   RO         8507    i.chassis_ecdz      chassis_task.o
    0x0800b810   0x0800b810   0x00000130   Code   RO         8508    i.chassis_init      chassis_task.o
    0x0800b940   0x0800b940   0x0000001c   Code   RO         8245    i.chassis_power_control_xj  chassis_power.o
    0x0800b95c   0x0800b95c   0x00000450   Code   RO         8509    i.chassis_speed_calc  chassis_task.o
    0x0800bdac   0x0800bdac   0x00000034   Code   RO         8510    i.chassis_task      chassis_task.o
    0x0800bde0   0x0800bde0   0x00000118   Code   RO         7116    i.ctrl_motor        bsp_can.o
    0x0800bef8   0x0800bef8   0x000000c0   Code   RO         7304    i.damiao_4310_data_handle  can_receive.o
    0x0800bfb8   0x0800bfb8   0x00000050   Code   RO         7118    i.damiao_exit       bsp_can.o
    0x0800c008   0x0800c008   0x00000050   Code   RO         7119    i.damiao_init       bsp_can.o
    0x0800c058   0x0800c058   0x00000054   Code   RO         8711    i.enable_disable_DM4310  send_current_task.o
    0x0800c0ac   0x0800c0ac   0x00000082   Code   RO         7305    i.encoder_data_handle  can_receive.o
    0x0800c12e   0x0800c12e   0x00000002   PAD
    0x0800c130   0x0800c130   0x000000f0   Code   RO         6812    i.f_Changing_Integration_Rate  controller.o
    0x0800c220   0x0800c220   0x00000056   Code   RO         6813    i.f_Derivative_Filter  controller.o
    0x0800c276   0x0800c276   0x000000f4   Code   RO         6814    i.f_Derivative_On_Measurement  controller.o
    0x0800c36a   0x0800c36a   0x00000002   PAD
    0x0800c36c   0x0800c36c   0x000000f0   Code   RO         6815    i.f_Integral_Limit  controller.o
    0x0800c45c   0x0800c45c   0x00000056   Code   RO         6816    i.f_Output_Filter   controller.o
    0x0800c4b2   0x0800c4b2   0x00000046   Code   RO         6817    i.f_Output_Limit    controller.o
    0x0800c4f8   0x0800c4f8   0x000000b4   Code   RO         6818    i.f_PID_ErrorHandle  controller.o
    0x0800c5ac   0x0800c5ac   0x00000046   Code   RO         6819    i.f_Proportion_Limit  controller.o
    0x0800c5f2   0x0800c5f2   0x00000080   Code   RO         6820    i.f_Trapezoid_Intergral  controller.o
    0x0800c672   0x0800c672   0x00000018   Code   RO         9444    i.fabs              m_wm.l(fabs.o)
    0x0800c68a   0x0800c68a   0x0000003a   Code   RO         7876    i.fifo_s_get        fifo.o
    0x0800c6c4   0x0800c6c4   0x00000016   Code   RO         7879    i.fifo_s_init       fifo.o
    0x0800c6da   0x0800c6da   0x000000a0   Code   RO         7885    i.fifo_s_puts       fifo.o
    0x0800c77a   0x0800c77a   0x00000006   Code   RO         7887    i.fifo_s_used       fifo.o
    0x0800c780   0x0800c780   0x00000024   Code   RO         7481    i.first_order_filter_init  lowpass.o
    0x0800c7a4   0x0800c7a4   0x0000002a   Code   RO         6600    i.float_constrain   user_lib.o
    0x0800c7ce   0x0800c7ce   0x00000002   PAD
    0x0800c7d0   0x0800c7d0   0x00000048   Code   RO         6602    i.float_rounding    user_lib.o
    0x0800c818   0x0800c818   0x00000032   Code   RO         7306    i.float_to_uint     can_receive.o
    0x0800c84a   0x0800c84a   0x00000002   PAD
    0x0800c84c   0x0800c84c   0x00000034   Code   RO         7798    i.get_CRC16_check_sum  crc8_crc16.o
    0x0800c880   0x0800c880   0x00000024   Code   RO         7799    i.get_CRC8_check_sum  crc8_crc16.o
    0x0800c8a4   0x0800c8a4   0x00000012   Code   RO         7307    i.get_moto_offset   can_receive.o
    0x0800c8b6   0x0800c8b6   0x00000002   PAD
    0x0800c8b8   0x0800c8b8   0x00000178   Code   RO         8779    i.gimbal_init       big_gimbal_task.o
    0x0800ca30   0x0800ca30   0x00000040   Code   RO         8780    i.gimbal_mode_key_ctrl  big_gimbal_task.o
    0x0800ca70   0x0800ca70   0x00000044   Code   RO         8781    i.gimbal_mode_key_fold  big_gimbal_task.o
    0x0800cab4   0x0800cab4   0x00000018   Code   RO         8782    i.gimbal_mode_key_idle  big_gimbal_task.o
    0x0800cacc   0x0800cacc   0x00000088   Code   RO         8783    i.gimbal_mode_key_normal  big_gimbal_task.o
    0x0800cb54   0x0800cb54   0x00000088   Code   RO         8784    i.gimbal_mode_key_vision  big_gimbal_task.o
    0x0800cbdc   0x0800cbdc   0x0000003c   Code   RO         8785    i.gimbal_mode_rc_ctrl  big_gimbal_task.o
    0x0800cc18   0x0800cc18   0x00000054   Code   RO         8786    i.gimbal_mode_rc_fold  big_gimbal_task.o
    0x0800cc6c   0x0800cc6c   0x00000018   Code   RO         8787    i.gimbal_mode_rc_idle  big_gimbal_task.o
    0x0800cc84   0x0800cc84   0x00000098   Code   RO         8788    i.gimbal_mode_rc_normal  big_gimbal_task.o
    0x0800cd1c   0x0800cd1c   0x00000088   Code   RO         8789    i.gimbal_mode_rc_vision  big_gimbal_task.o
    0x0800cda4   0x0800cda4   0x0000020c   Code   RO         8790    i.gimbal_pid_calc   big_gimbal_task.o
    0x0800cfb0   0x0800cfb0   0x0000004c   Code   RO         8791    i.gimbal_task       big_gimbal_task.o
    0x0800cffc   0x0800cffc   0x00000144   Code   RO         8085    i.init_referee_struct_data  referee.o
    0x0800d140   0x0800d140   0x0000003c   Code   RO         6740    i.invSqrt           quaternionekf.o
    0x0800d17c   0x0800d17c   0x0000005c   Code   RO           16    i.main              main.o
    0x0800d1d8   0x0800d1d8   0x0000000e   Code   RO         5998    i.makeFreeRtosPriority  cmsis_os.o
    0x0800d1e6   0x0800d1e6   0x00000018   Code   RO         6000    i.osDelay           cmsis_os.o
    0x0800d1fe   0x0800d1fe   0x0000000a   Code   RO         6003    i.osKernelStart     cmsis_os.o
    0x0800d208   0x0800d208   0x0000005e   Code   RO         6037    i.osThreadCreate    cmsis_os.o
    0x0800d266   0x0800d266   0x00000002   PAD
    0x0800d268   0x0800d268   0x00000098   Code   RO         5609    i.prvAddCurrentTaskToDelayedList  tasks.o
    0x0800d300   0x0800d300   0x000000b8   Code   RO         5610    i.prvAddNewTaskToReadyList  tasks.o
    0x0800d3b8   0x0800d3b8   0x00000048   Code   RO         5611    i.prvCheckTasksWaitingTermination  tasks.o
    0x0800d400   0x0800d400   0x00000050   Code   RO         5612    i.prvDeleteTCB      tasks.o
    0x0800d450   0x0800d450   0x0000007c   Code   RO         6365    i.prvHeapInit       heap_4.o
    0x0800d4cc   0x0800d4cc   0x00000028   Code   RO         5613    i.prvIdleTask       tasks.o
    0x0800d4f4   0x0800d4f4   0x000000be   Code   RO         5614    i.prvInitialiseNewTask  tasks.o
    0x0800d5b2   0x0800d5b2   0x00000002   PAD
    0x0800d5b4   0x0800d5b4   0x00000068   Code   RO         5615    i.prvInitialiseTaskLists  tasks.o
    0x0800d61c   0x0800d61c   0x00000068   Code   RO         6366    i.prvInsertBlockIntoFreeList  heap_4.o
    0x0800d684   0x0800d684   0x00000034   Code   RO         5617    i.prvResetNextTaskUnblockTime  tasks.o
    0x0800d6b8   0x0800d6b8   0x00000040   Code   RO         6434    i.prvTaskExitError  port.o
    0x0800d6f8   0x0800d6f8   0x0000014c   Code   RO         6367    i.pvPortMalloc      heap_4.o
    0x0800d844   0x0800d844   0x0000002c   Code   RO         6435    i.pxPortInitialiseStack  port.o
    0x0800d870   0x0800d870   0x000002ac   Code   RO         8086    i.referee_data_solve  referee.o
    0x0800db1c   0x0800db1c   0x0000014c   Code   RO         8138    i.referee_unpack_fifo_data  referee_usart_task.o
    0x0800dc68   0x0800dc68   0x0000001c   Code   RO         8712    i.send_current_task  send_current_task.o
    0x0800dc84   0x0800dc84   0x0000006c   Code   RO         7121    i.set_motor_current  bsp_can.o
    0x0800dcf0   0x0800dcf0   0x00000050   Code   RO         8792    i.shortestAngleDiff  big_gimbal_task.o
    0x0800dd40   0x0800dd40   0x00000184   Code   RO         8513    i.speed_limit_key   chassis_task.o
    0x0800dec4   0x0800dec4   0x000002ac   Code   RO         8514    i.speed_limit_top   chassis_task.o
    0x0800e170   0x0800e170   0x0000003e   Code   RO         9482    i.sqrtf             m_wm.l(sqrtf_full.o)
    0x0800e1ae   0x0800e1ae   0x0000000c   Code   RO          305    i.tirgger_task      freertos.o
    0x0800e1ba   0x0800e1ba   0x00000002   PAD
    0x0800e1bc   0x0800e1bc   0x00000098   Code   RO         8794    i.turn_round        big_gimbal_task.o
    0x0800e254   0x0800e254   0x00000034   Code   RO         7308    i.uint_to_float     can_receive.o
    0x0800e288   0x0800e288   0x00000138   Code   RO         7677    i.usart6_init       bsp_usart.o
    0x0800e3c0   0x0800e3c0   0x00000028   Code   RO         5198    i.uxListRemove      list.o
    0x0800e3e8   0x0800e3e8   0x00000018   Code   RO          306    i.vApplicationGetIdleTaskMemory  freertos.o
    0x0800e400   0x0800e400   0x0000001a   Code   RO         5199    i.vListInitialise   list.o
    0x0800e41a   0x0800e41a   0x00000006   Code   RO         5200    i.vListInitialiseItem  list.o
    0x0800e420   0x0800e420   0x00000034   Code   RO         5201    i.vListInsert       list.o
    0x0800e454   0x0800e454   0x00000018   Code   RO         5202    i.vListInsertEnd    list.o
    0x0800e46c   0x0800e46c   0x00000054   Code   RO         6437    i.vPortEnterCritical  port.o
    0x0800e4c0   0x0800e4c0   0x0000003c   Code   RO         6438    i.vPortExitCritical  port.o
    0x0800e4fc   0x0800e4fc   0x000000a4   Code   RO         6368    i.vPortFree         heap_4.o
    0x0800e5a0   0x0800e5a0   0x00000028   Code   RO         6439    i.vPortSetupTimerInterrupt  port.o
    0x0800e5c8   0x0800e5c8   0x0000005c   Code   RO         5631    i.vTaskDelay        tasks.o
    0x0800e624   0x0800e624   0x000000b0   Code   RO         5647    i.vTaskStartScheduler  tasks.o
    0x0800e6d4   0x0800e6d4   0x00000010   Code   RO         5649    i.vTaskSuspendAll   tasks.o
    0x0800e6e4   0x0800e6e4   0x0000008c   Code   RO         5650    i.vTaskSwitchContext  tasks.o
    0x0800e770   0x0800e770   0x00000040   Code   RO         7800    i.verify_CRC16_check_sum  crc8_crc16.o
    0x0800e7b0   0x0800e7b0   0x0000002e   Code   RO         7801    i.verify_CRC8_check_sum  crc8_crc16.o
    0x0800e7de   0x0800e7de   0x00000002   PAD
    0x0800e7e0   0x0800e7e0   0x00000168   Code   RO         6441    i.xPortStartScheduler  port.o
    0x0800e948   0x0800e948   0x00000064   Code   RO         5653    i.xTaskCreate       tasks.o
    0x0800e9ac   0x0800e9ac   0x000000ba   Code   RO         5654    i.xTaskCreateStatic  tasks.o
    0x0800ea66   0x0800ea66   0x00000002   PAD
    0x0800ea68   0x0800ea68   0x00000148   Code   RO         5661    i.xTaskIncrementTick  tasks.o
    0x0800ebb0   0x0800ebb0   0x00000104   Code   RO         5667    i.xTaskResumeAll    tasks.o
    0x0800ecb4   0x0800ecb4   0x00000060   Code   RO         8713    i.yaw_ctrl_current  send_current_task.o
    0x0800ed14   0x0800ed14   0x00000044   Code   RO         8795    i.zero_180          big_gimbal_task.o
    0x0800ed58   0x0800ed58   0x00000018   Code   RO         9368    x$fpl$basic         g_wm.l(basic.o)
    0x0800ed70   0x0800ed70   0x000002c4   Code   RO         9370    x$fpl$d2f           g_wm.l(d2f_clz.o)
    0x0800f034   0x0800f034   0x0000024c   Code   RO         9372    x$fpl$dadd          g_wm.l(daddsub_clz.o)
    0x0800f280   0x0800f280   0x0000037c   Code   RO         9379    x$fpl$ddiv          g_wm.l(ddiv_clz.o)
    0x0800f5fc   0x0800f5fc   0x000000c8   Code   RO         9710    x$fpl$dfix          g_wm.l(dfix.o)
    0x0800f6c4   0x0800f6c4   0x0000002e   Code   RO         9383    x$fpl$dflt          g_wm.l(dflt_clz.o)
    0x0800f6f2   0x0800f6f2   0x0000001a   Code   RO         9384    x$fpl$dfltn         g_wm.l(dflt_clz.o)
    0x0800f70c   0x0800f70c   0x00000026   Code   RO         9382    x$fpl$dfltu         g_wm.l(dflt_clz.o)
    0x0800f732   0x0800f732   0x00000002   PAD
    0x0800f734   0x0800f734   0x000001c0   Code   RO         9388    x$fpl$dmul          g_wm.l(dmul_clz.o)
    0x0800f8f4   0x0800f8f4   0x00000102   Code   RO         9592    x$fpl$dnaninf       g_wm.l(dnaninf.o)
    0x0800f9f6   0x0800f9f6   0x00000070   Code   RO         9594    x$fpl$drenorm       g_wm.l(drenorm_clz.o)
    0x0800fa66   0x0800fa66   0x0000000c   Code   RO         9596    x$fpl$dretinf       g_wm.l(dretinf.o)
    0x0800fa72   0x0800fa72   0x00000002   PAD
    0x0800fa74   0x0800fa74   0x00000050   Code   RO         9373    x$fpl$drsb          g_wm.l(daddsub_clz.o)
    0x0800fac4   0x0800fac4   0x0000029c   Code   RO         9374    x$fpl$dsub          g_wm.l(daddsub_clz.o)
    0x0800fd60   0x0800fd60   0x0000017a   Code   RO         9600    x$fpl$dunder        g_wm.l(dunder_clz.o)
    0x0800feda   0x0800feda   0x00000002   PAD
    0x0800fedc   0x0800fedc   0x000001ec   Code   RO         9602    x$fpl$exception     g_wm.l(except.o)
    0x080100c8   0x080100c8   0x0000007a   Code   RO         9392    x$fpl$f2d           g_wm.l(f2d.o)
    0x08010142   0x08010142   0x000000f2   Code   RO         9604    x$fpl$fnaninf       g_wm.l(fnaninf.o)
    0x08010234   0x08010234   0x0000000a   Code   RO         9714    x$fpl$fpinit        g_wm.l(fpinit.o)
    0x0801023e   0x0801023e   0x0000000a   Code   RO         9606    x$fpl$fretinf       g_wm.l(fretinf.o)
    0x08010248   0x08010248   0x0000013c   Code   RO         9608    x$fpl$funder        g_wm.l(funder_clz.o)
    0x08010384   0x08010384   0x000000b2   Code   RO         9716    x$fpl$retnan        g_wm.l(retnan.o)
    0x08010436   0x08010436   0x0000007e   Code   RO         9610    x$fpl$trapveneer    g_wm.l(trapv.o)
    0x080104b4   0x080104b4   0x00000000   Code   RO         9612    x$fpl$usenofp       g_wm.l(usenofp.o)
    0x080104b4   0x080104b4   0x000000fc   Data   RO          308    .constdata          freertos.o
    0x080105b0   0x080105b0   0x00000008   Data   RO         2674    .constdata          stm32f4xx_hal_dma.o
    0x080105b8   0x080105b8   0x00000018   Data   RO         5050    .constdata          system_stm32f4xx.o
    0x080105d0   0x080105d0   0x00000090   Data   RO         6742    .constdata          quaternionekf.o
    0x08010660   0x08010660   0x00000302   Data   RO         7802    .constdata          crc8_crc16.o
    0x08010962   0x08010962   0x00000002   PAD
    0x08010964   0x08010964   0x00000030   Data   RO         8613    .constdata          ins_task.o
    0x08010994   0x08010994   0x00000804   Data   RO         9221    .constdata          arm_cortexM4lf_math.lib(arm_common_tables.o)
    0x08011198   0x08011198   0x00000030   Data   RO         9614    .constdata          m_wm.l(cos_i.o)
    0x080111c8   0x080111c8   0x000000c8   Data   RO         9651    .constdata          m_wm.l(rred.o)
    0x08011290   0x08011290   0x00000028   Data   RO         9655    .constdata          m_wm.l(sin_i.o)
    0x080112b8   0x080112b8   0x0000006c   Data   RO          309    .conststring        freertos.o
    0x08011324   0x08011324   0x00000020   Data   RO         9809    Region$$Table       anon$$obj.o


    Execution Region RW_IRAM1 (Exec base: 0x20000000, Load base: 0x08011344, Size: 0x0000c530, Max: 0x0001c000, ABSOLUTE, COMPRESSED[0x00000100])

    Exec Addr    Load Addr    Size         Type   Attr      Idx    E Section Name        Object

    0x20000000   COMPRESSED   0x00000024   Data   RW          310    .data               freertos.o
    0x20000024   COMPRESSED   0x00000004   Data   RW          413    .data               can.o
    0x20000028   COMPRESSED   0x00000012   Data   RW          739    .data               stm32f4xx_it.o
    0x2000003a   COMPRESSED   0x00000002   PAD
    0x2000003c   COMPRESSED   0x00000009   Data   RW         3124    .data               stm32f4xx_hal.o
    0x20000045   COMPRESSED   0x00000003   PAD
    0x20000048   COMPRESSED   0x00000004   Data   RW         5051    .data               system_stm32f4xx.o
    0x2000004c   COMPRESSED   0x0000003c   Data   RW         5670    .data               tasks.o
    0x20000088   COMPRESSED   0x00000020   Data   RW         6374    .data               heap_4.o
    0x200000a8   COMPRESSED   0x0000000c   Data   RW         6442    .data               port.o
    0x200000b4   COMPRESSED   0x00000004   Data   RW         6521    .data               kalman_filter.o
    0x200000b8   COMPRESSED   0x00000018   Data   RW         6610    .data               user_lib.o
    0x200000d0   COMPRESSED   0x000000d4   Data   RW         6743    .data               quaternionekf.o
    0x200001a4   COMPRESSED   0x00000270   Data   RW         6821    .data               controller.o
    0x20000414   COMPRESSED   0x00000048   Data   RW         6947    .data               bmi088driver.o
    0x2000045c   COMPRESSED   0x00000004   Data   RW         7024    .data               bmi088middleware.o
    0x20000460   COMPRESSED   0x0000000c   Data   RW         7122    .data               bsp_can.o
    0x2000046c   COMPRESSED   0x00000004   PAD
    0x20000470   COMPRESSED   0x00000048   Data   RW         7207    .data               bsp_dwt.o
    0x200004b8   COMPRESSED   0x00000024   Data   RW         7310    .data               can_receive.o
    0x200004dc   COMPRESSED   0x00000008   Data   RW         7563    .data               bsp_transmit.o
    0x200004e4   COMPRESSED   0x00000002   Data   RW         7803    .data               crc8_crc16.o
    0x200004e6   COMPRESSED   0x00000002   PAD
    0x200004e8   COMPRESSED   0x0000007c   Data   RW         8088    .data               referee.o
    0x20000564   COMPRESSED   0x00000002   Data   RW         8140    .data               referee_usart_task.o
    0x20000566   COMPRESSED   0x00000002   PAD
    0x20000568   COMPRESSED   0x0000005e   Data   RW         8186    .data               supercap.o
    0x200005c6   COMPRESSED   0x00000002   PAD
    0x200005c8   COMPRESSED   0x000000a0   Data   RW         8247    .data               chassis_power.o
    0x20000668   COMPRESSED   0x00000010   Data   RW         8516    .data               chassis_task.o
    0x20000678   COMPRESSED   0x00000060   Data   RW         8614    .data               ins_task.o
    0x200006d8   COMPRESSED   0x00000006   Data   RW         8714    .data               send_current_task.o
    0x200006de   COMPRESSED   0x00000002   PAD
    0x200006e0   COMPRESSED   0x00000014   Data   RW         8798    .data               big_gimbal_task.o
    0x200006f4        -       0x0000025c   Zero   RW          307    .bss                freertos.o
    0x20000950        -       0x00000050   Zero   RW          412    .bss                can.o
    0x200009a0        -       0x00000020   Zero   RW          484    .bss                rtc.o
    0x200009c0        -       0x00000118   Zero   RW          526    .bss                spi.o
    0x20000ad8        -       0x00000048   Zero   RW          569    .bss                tim.o
    0x20000b20        -       0x000002b8   Zero   RW          618    .bss                usart.o
    0x20000dd8        -       0x00000048   Zero   RW          901    .bss                stm32f4xx_hal_timebase_tim.o
    0x20000e20        -       0x000000f0   Zero   RW         5669    .bss                tasks.o
    0x20000f10        -       0x00006000   Zero   RW         6373    .bss                heap_4.o
    0x20006f10        -       0x00000270   Zero   RW         6741    .bss                quaternionekf.o
    0x20007180        -       0x00000040   Zero   RW         6946    .bss                bmi088driver.o
    0x200071c0        -       0x000000f0   Zero   RW         7309    .bss                can_receive.o
    0x200072b0        -       0x00000092   Zero   RW         7562    .bss                bsp_transmit.o
    0x20007342        -       0x00000319   Zero   RW         8087    .bss                referee.o
    0x2000765b   COMPRESSED   0x00000001   PAD
    0x2000765c        -       0x000008a1   Zero   RW         8139    .bss                referee_usart_task.o
    0x20007efd   COMPRESSED   0x00000003   PAD
    0x20007f00        -       0x00000180   Zero   RW         8515    .bss                chassis_task.o
    0x20008080        -       0x00000178   Zero   RW         8612    .bss                ins_task.o
    0x200081f8        -       0x000002d8   Zero   RW         8797    .bss                big_gimbal_task.o
    0x200084d0        -       0x00000060   Zero   RW         9663    .bss                c_w.l(libspace.o)
    0x20008530        -       0x00002000   Zero   RW            2    HEAP                startup_stm32f407xx.o
    0x2000a530        -       0x00002000   Zero   RW            1    STACK               startup_stm32f407xx.o


    Execution Region RW_IRAM2 (Exec base: 0x2001c000, Load base: 0x08011444, Size: 0x00000000, Max: 0x00004000, ABSOLUTE)

    **** No section assigned to this execution region ****


==============================================================================

Image component sizes


      Code (inc. data)   RO Data    RW Data    ZI Data      Debug   Object Name

      2160        376          0         20        728      11836   big_gimbal_task.o
      2882        174          0         72         64      10193   bmi088driver.o
       116         30          0          4          0       3280   bmi088middleware.o
       680         40          0         12          0       5173   bsp_can.o
       592        114          0         72          0       4421   bsp_dwt.o
        58          0          0          0          0        850   bsp_pwm.o
       544         52          0          8        146       6205   bsp_transmit.o
       312         26          0          0          0     584097   bsp_usart.o
       520         44          0          4         80       2406   can.o
      1006         64          0         36        240     577355   can_receive.o
       960         98          0        160          0       4969   chassis_power.o
      3520        268          0         16        384       6839   chassis_task.o
       142          0          0          0          0      23019   cmsis_os.o
      2252         38          0        624          0      12600   controller.o
       198         16        770          2          0       3597   crc8_crc16.o
       184          6          0          0          0        830   dma.o
         0          0          0          0          0      16892   event_groups.o
       258          0          0          0          0      10187   fifo.o
       330         52        360         36        604       4281   freertos.o
       612         26          0          0          0       1299   gpio.o
       724         74          0         32      24576       7423   heap_4.o
      2700        228         48         96        376      11636   ins_task.o
       198          6          0          0          0       1834   kalman.o
      3160         26          0          4          0       8775   kalman_filter.o
       148          0          0          0          0       3566   list.o
        36          4          0          0          0       1298   lowpass.o
       296         14          0          0          0     767948   main.o
       516         10          0          0          0       2506   pid.o
       894         78          0         12          0      11140   port.o
      4156        234        144        212        624      10351   quaternionekf.o
      1008        256          0        124        793      16034   referee.o
       676         54          0          2       2209       2857   referee_usart_task.o
       116         22          0          0         32       1499   rtc.o
       296         42          0          6          0       2349   send_current_task.o
       416         38          0          0        280       1899   spi.o
        64         26        392          0      16384        844   startup_stm32f407xx.o
       136         24          0          9          0       8722   stm32f4xx_hal.o
      2142          4          0          0          0      13799   stm32f4xx_hal_can.o
       260         22          0          0          0      33558   stm32f4xx_hal_cortex.o
      1442         16          8          0          0       7633   stm32f4xx_hal_dma.o
       542         50          0          0          0       3320   stm32f4xx_hal_gpio.o
        84          6          0          0          0        834   stm32f4xx_hal_msp.o
      1888         94          0          0          0       6293   stm32f4xx_hal_rcc.o
       416         20          0          0          0       1408   stm32f4xx_hal_rcc_ex.o
       356         10          0          0          0       3287   stm32f4xx_hal_rtc.o
      1136         12          0          0          0       4653   stm32f4xx_hal_spi.o
      1972        142          0          0          0      12772   stm32f4xx_hal_tim.o
         4          0          0          0          0       1601   stm32f4xx_hal_tim_ex.o
       180         18          0          0         72       1447   stm32f4xx_hal_timebase_tim.o
      3016         40          0          0          0      18496   stm32f4xx_hal_uart.o
       424         96          0         18          0      11767   stm32f4xx_it.o
         0          0          0          0          0        392   stream_buffer.o
       720         40          0         94          0       3816   supercap.o
        20          6         24          4          0       1107   system_stm32f4xx.o
      2172        268          0         60        240      20553   tasks.o
       260         30          0          0         72       2254   tim.o
      1032        102          0          0        696       3559   usart.o
       790         26          0         24          0       6579   user_lib.o
        10          0          0          0          0        472   vofa.o

    ----------------------------------------------------------------------
     51790       3562       1780       1780      48604    2310610   Object Totals
         0          0         32          0          0          0   (incl. Generated)
        58          0          2         17          4          0   (incl. Padding)

    ----------------------------------------------------------------------

      Code (inc. data)   RO Data    RW Data    ZI Data      Debug   Library Member Name

         0          0       2052          0          0       4704   arm_common_tables.o
       120         12          0          0          0      17170   arm_cos_f32.o
       264          0          0          0          0       1826   arm_mat_add_f32.o
         8          0          0          0          0        999   arm_mat_init_f32.o
      1328          4          0          0          0       4782   arm_mat_inverse_f32.o
       316          4          0          0          0       2375   arm_mat_mult_f32.o
       264          0          0          0          0       1826   arm_mat_sub_f32.o
       276          0          0          0          0       2240   arm_mat_trans_f32.o
       148         18          0          0          0        814   arm_sin_f32.o
        90          0          0          0          0          0   __dczerorl2.o
         8          0          0          0          0         68   __main.o
         0          0          0          0          0          0   __rtentry.o
        12          0          0          0          0          0   __rtentry2.o
         6          0          0          0          0          0   __rtentry4.o
        52          8          0          0          0          0   __scatter.o
        28          0          0          0          0          0   __scatter_zi.o
        48          4          0          0          0         84   _fptrap.o
        22          0          0          0          0        100   _rserrno.o
        16          0          0          0          0         68   aeabi_memset.o
        10          0          0          0          0         68   defsig_exit.o
       172        110          0          0          0         76   defsig_fpe_inner.o
        14          0          0          0          0         80   defsig_fpe_outer.o
        50          0          0          0          0         88   defsig_general.o
        80         58          0          0          0         76   defsig_rtmem_inner.o
        14          0          0          0          0         80   defsig_rtmem_outer.o
        18          0          0          0          0         80   exit.o
        94          0          0          0          0         80   h1_alloc.o
        52          0          0          0          0         68   h1_extend.o
        78          0          0          0          0         80   h1_free.o
        14          0          0          0          0         84   h1_init.o
         6          0          0          0          0        152   heapauxi.o
         4          0          0          0          0        136   hguard.o
         0          0          0          0          0          0   indicate_semi.o
       138          0          0          0          0        168   init_alloc.o
         2          0          0          0          0          0   libinit.o
        14          0          0          0          0          0   libinit2.o
         2          0          0          0          0          0   libshutdown.o
         2          0          0          0          0          0   libshutdown2.o
         8          4          0          0         96         68   libspace.o
       238          0          0          0          0        100   lludivv7m.o
         0          0          0          0          0          0   maybetermalloc1.o
         8          4          0          0          0         68   rt_errno_addr_intlibspace.o
         8          4          0          0          0         68   rt_heap_descriptor_intlibspace.o
        68          0          0          0          0         68   rt_memclr.o
        78          0          0          0          0         80   rt_memclr_w.o
       138          0          0          0          0         68   rt_memcpy_v6.o
       100          0          0          0          0         80   rt_memcpy_w.o
         2          0          0          0          0          0   rtexit.o
        10          0          0          0          0          0   rtexit2.o
        12          4          0          0          0         68   sys_exit.o
        74          0          0          0          0         80   sys_stackheap_outer.o
        14          0          0          0          0         76   sys_wrch.o
         2          0          0          0          0         68   use_no_semi.o
        24          0          0          0          0        164   basic.o
       708         16          0          0          0        140   d2f_clz.o
      1336         32          0          0          0        532   daddsub_clz.o
       892        152          0          0          0        292   ddiv_clz.o
       200         16          0          0          0        184   dfix.o
       110          0          0          0          0        348   dflt_clz.o
       448         16          0          0          0        164   dmul_clz.o
       258          4          0          0          0        156   dnaninf.o
       112          0          0          0          0        160   drenorm_clz.o
        12          0          0          0          0        116   dretinf.o
       378          0          0          0          0        168   dunder_clz.o
       492         36          0          0          0        148   except.o
       122          8          0          0          0        132   f2d.o
       242          4          0          0          0        144   fnaninf.o
        10          0          0          0          0        116   fpinit.o
        10          0          0          0          0        116   fretinf.o
       316          0          0          0          0        132   funder_clz.o
       178          0          0          0          0        116   retnan.o
       126          0          0          0          0        148   trapv.o
         0          0          0          0          0          0   usenofp.o
       280         46          0          0          0        176   acosf.o
       300         42          0          0          0        176   asinf.o
       684         90          0          0          0        208   atan2f.o
       200         20          0          0          0        164   cos.o
       368         46         48          0          0        200   cos_i.o
        84         16          0          0          0        372   dunder.o
        24          0          0          0          0        124   fabs.o
        48          0          0          0          0        124   fpclassify.o
        38          0          0          0          0        116   fpclassifyf.o
        44         12          0          0          0        464   funder.o
       248          0          0          0          0        152   poly.o
      1080        142        200          0          0        188   rred.o
       200         20          0          0          0        164   sin.o
       304         24         40          0          0        208   sin_i.o
       120          0          0          0          0        272   sqrtf_full.o

    ----------------------------------------------------------------------
     14558        980       2340          0         96      45848   Library Totals
        32          4          0          0          0          0   (incl. Padding)

    ----------------------------------------------------------------------

      Code (inc. data)   RO Data    RW Data    ZI Data      Debug   Library Name

      2724         38       2052          0          0      36736   arm_cortexM4lf_math.lib
      1806        196          0          0         96       2528   c_w.l
      5974        284          0          0          0       3476   g_wm.l
      4022        458        288          0          0       3108   m_wm.l

    ----------------------------------------------------------------------
     14558        980       2340          0         96      45848   Library Totals

    ----------------------------------------------------------------------

==============================================================================


      Code (inc. data)   RO Data    RW Data    ZI Data      Debug   

     66348       4542       4120       1780      48700    2320454   Grand Totals
     66348       4542       4120        256      48700    2320454   ELF Image Totals (compressed)
     66348       4542       4120        256          0          0   ROM Totals

==============================================================================

    Total RO  Size (Code + RO Data)                70468 (  68.82kB)
    Total RW  Size (RW Data + ZI Data)             50480 (  49.30kB)
    Total ROM Size (Code + RO Data + RW Data)      70724 (  69.07kB)

==============================================================================

